// Jest Snapshot v1, https://goo.gl/fbAQLP

exports[`index/Payment/components/Modals/PinPad/components/Pinpad/payTitle component should render correctly 1`] = `
<PayTitle
  pay={
    Object {
      "amount": "123.00",
      "headerHtml": "pinpad type title",
      "paymentTypeName": "Credit Card",
    }
  }
  store={
    Object {
      "clearActions": [Function],
      "dispatch": [Function],
      "getActions": [Function],
      "getState": [Function],
      "subscribe": [Function],
    }
  }
>
  <div
    className="payment-pinpad-header"
  >
    <span>
      Credit Card
    </span>
    <span>
      $ 
      123.00
    </span>
    <div>
      pinpad type title
    </div>
  </div>
</PayTitle>
`;
