// Jest Snapshot v1, https://goo.gl/fbAQLP

exports[`shared/components/Intro/index should render without errors 1`] = `
<Intro
  hide={true}
  onClickCallback={[Function]}
  ready={false}
  steps={
    Array [
      Object {
        "element": "#intro-step-1",
        "text": "1. First step...",
      },
      Object {
        "element": "#invalid-id",
        "text": "2. Second step...(invalid)",
      },
    ]
  }
>
  <div />
</Intro>
`;
