// Jest Snapshot v1, https://goo.gl/fbAQLP

exports[`components/RadioGroup Empty radioGroup renders fine 1`] = `
<div
  className="radio-group"
>
  No Options
</div>
`;

exports[`components/RadioGroup RadioGroup renders fine 1`] = `
<div
  className="radio-group snapshot-radio-group-class"
>
  <label
    aria-checked={false}
    aria-disabled={undefined}
    className="radio-wrapper"
    htmlFor="radio_attr_for_1"
    role="radio"
    style={undefined}
  >
    <span
      className="radio radio--md"
    >
      <input
        checked={false}
        className="radio__input"
        disabled={undefined}
        id="radio_attr_for_1"
        name={undefined}
        onChange={[Function]}
        type="radio"
        value="dog"
      />
      <span
        className="radio__inner"
      />
      <span>
        Text-dog
      </span>
    </span>
  </label>
  <label
    aria-checked={true}
    aria-disabled={undefined}
    className="radio-wrapper"
    htmlFor="radio_attr_for_2"
    role="radio"
    style={undefined}
  >
    <span
      className="radio radio--checked radio--md"
    >
      <input
        checked={true}
        className="radio__input"
        disabled={undefined}
        id="radio_attr_for_2"
        name={undefined}
        onChange={[Function]}
        type="radio"
        value="elephant"
      />
      <span
        className="radio__inner"
      />
      <span>
        Text-elephant
      </span>
    </span>
  </label>
  <label
    aria-checked={false}
    aria-disabled={undefined}
    className="radio-wrapper"
    htmlFor="radio_attr_for_3"
    role="radio"
    style={undefined}
  >
    <span
      className="radio radio--md"
    >
      <input
        checked={false}
        className="radio__input"
        disabled={undefined}
        id="radio_attr_for_3"
        name={undefined}
        onChange={[Function]}
        type="radio"
        value="fest"
      />
      <span
        className="radio__inner"
      />
      <span>
        Text-fest
      </span>
    </span>
  </label>
</div>
`;
