// Jest Snapshot v1, https://goo.gl/fbAQLP

exports[`index/Payment/components/PaymentOptions/Empty Empty component should render without error 1`] = `
<Empty
  item={
    Object {
      "amount": 350,
      "list": Array [
        Object {
          "name": "Check",
          "value": "172",
        },
        Object {
          "name": "Cash",
          "value": "173",
        },
      ],
    }
  }
  onChange={[Function]}
>
  <div
    className="payment-option payment-empty"
  >
    <div
      className="payment-option-list aaui-flexbox"
    >
      <Dropdown
        autoOpen={false}
        data={
          Array [
            Object {
              "name": "Check",
              "value": "172",
            },
            Object {
              "name": "Cash",
              "value": "173",
            },
          ]
        }
        data-qa-id="payment-paymentOption-optionList"
        filterPlaceholder="Filter..."
        fuzzyQuery={false}
        noResult="No results found."
        onChange={[Function]}
        placeholder="Select one..."
        showAll={true}
        showDeselectall={false}
        showTxtOnlyCheckedOneItem={true}
        theme="flat"
        txtSuffix="selected"
        value={null}
        visible={true}
      >
        <div
          className="aaui-dropdown"
          data-qa-id="payment-paymentOption-optionList"
          onKeyDown={[Function]}
          onKeyPress={[Function]}
          onKeyUp={[Function]}
        >
          <button
            className="aaui-dropdown__button aaui-dropdown-btn-flat"
            onClick={[Function]}
            onFocus={[Function]}
            onMouseDown={[Function]}
            onMouseUp={[Function]}
            role="button"
            type="button"
          >
            <div
              className="aaui-dropdown__button-text"
              title=""
            >
               Select one...
            </div>
            <i
              className="icon aaui-dropdown__button-icon icon-chevron-down"
            />
          </button>
          <div
            aria-expanded={false}
            className="aaui-dropdown__menu-wrapper  u-hidden"
            onBlur={[Function]}
            onFocus={[Function]}
            onMouseDown={[Function]}
            role="combobox"
            tabIndex={0}
          >
            <div
              className="aaui-dropdown__menu"
            >
              <ul
                aria-expanded={false}
                className=""
                role="listbox"
              >
                <li
                  className=""
                  key="172"
                  onClick={[Function]}
                  role="option"
                >
                  <span />
                </li>
                <li
                  className=""
                  key="173"
                  onClick={[Function]}
                  role="option"
                >
                  <span />
                </li>
              </ul>
              <div>
                <div
                  className="aaui-dropdown__menu-footer"
                >
                  <div
                    className="u-hidden"
                  >
                    <i
                      className="icon icon-spinner"
                    />
                     Loading...
                  </div>
                  <div />
                </div>
              </div>
            </div>
          </div>
        </div>
      </Dropdown>
      <div
        className="aaui-flexbox"
      >
        <label
          className="payment-symbol"
          htmlFor="emptyAmount"
        >
          $
        </label>
        <InputNumeric
          allowBlank={true}
          allowKeySpin={true}
          allowMouseSpin={false}
          className=""
          currency="USD"
          data-qa-id="payment-paymentOption-optionAmount"
          decimals={2}
          disabled={true}
          icon=""
          iconHint=""
          id="emptyAmount"
          increment={1}
          items={Array []}
          listClass="input-numeric-list"
          listClassName=""
          listConfig={Object {}}
          listMaxHeight="300px"
          listPopupOptions={Object {}}
          listWidth="auto"
          max={9999999999.99}
          min={-9999999999.99}
          name=""
          onBlur={[Function]}
          onFocus={[Function]}
          onListClose={[Function]}
          onListOpen={[Function]}
          onTextChange={[Function]}
          onValueChange={[Function]}
          placeHolder=""
          prefix="an"
          showClear={false}
          showGroup={false}
          showSpinner={false}
          showTrigger={false}
          showTrigger2={false}
          size="md"
          textAlign="right"
          triggerIcon="icon-chevron-down"
          triggerIcon2="icon-chevron-down"
          triggerIconHint=""
          triggerIconHint2=""
          triggerIconToggle="icon-chevron-up"
          triggerIconToggle2="icon-chevron-up"
          value={350}
        >
          <div
            className="an-input-numeric input-group buttons-0 input-group--md disabled"
          >
            <input
              className="input input-group__field textalign-right input__field"
              data-qa-id="payment-paymentOption-optionAmount"
              disabled={true}
              id="emptyAmount"
              name=""
              onBlur={[Function]}
              onChange={[Function]}
              onDragEnter={[Function]}
              onDragOver={[Function]}
              onDrop={[Function]}
              onFocus={[Function]}
              onKeyDown={[Function]}
              onKeyPress={[Function]}
              onKeyUp={[Function]}
              onMouseUp={[Function]}
              onPaste={[Function]}
              placeholder=""
              type="text"
            />
          </div>
        </InputNumeric>
      </div>
    </div>
  </div>
</Empty>
`;
