// Jest Snapshot v1, https://goo.gl/fbAQLP

exports[`components/Survey/QuestionGroup QuestionGroup renders fine 1`] = `
<div
  className="questiongroup is-bold-border"
>
  <div
    className="questiongroup-header"
  >
    <span
      className="icon icon-circle"
    />
    <span>
      test
    </span>
  </div>
  <div
    className="questiongroup-body"
  >
    <Question
      format={0}
      id="1"
      isShown={true}
      onChange={undefined}
      onIconClick={undefined}
      path={
        Array [
          "snapshot",
          "1",
        ]
      }
      placeholder="..."
      questionContainerClass={undefined}
      questionLabelClass={undefined}
      text="Free to answer something."
      type={0}
    />
  </div>
</div>
`;
