// Jest Snapshot v1, https://goo.gl/fbAQLP

exports[`index/Payment/components/PaymentOptions/ElectronicCheck ElectronicCheck component should render without error 1`] = `
<ElectronicCheck
  addError={[Function]}
  changeECheckAmount={[Function]}
  changeElectronicCheckOpiton={[Function]}
  changeRemaining={[Function]}
  clearOptionAndPaymentErrs={[Function]}
  data={
    Object {
      "eCheckLabel": "Electronic Check",
      "eCheckListDropDown": Object {
        "data": Array [
          Object {
            "name": "electronic #2",
            "text": "electronic #2",
            "value": "443",
          },
          Object {
            "name": "electronic #3",
            "text": "electronic #3",
            "value": "444",
          },
          Object {
            "name": "electronic #5",
            "text": "electronic #5",
            "value": "445",
          },
        ],
      },
    }
  }
  fetchECheckConfig={[Function]}
  index={0}
  isRefund={false}
  item={
    Object {
      "amount": "500",
      "disabled": false,
      "eCheckListDropDownValue": "445",
      "list": Array [
        Object {
          "name": "ElectronicCheck",
          "value": "173",
        },
        Object {
          "name": "Credit",
          "value": "172",
        },
      ],
    }
  }
  onChange={[Function]}
  optionLen={3}
  value="173"
>
  <div
    className="payment-option payment-electronic-check"
  >
    <div
      className="payment-option-list aaui-flexbox"
    >
      <div
        className="aaui-flexbox aaui-flexbox-c1"
      >
        <Dropdown
          autoOpen={false}
          data={
            Array [
              Object {
                "name": "ElectronicCheck",
                "value": "173",
              },
              Object {
                "name": "Credit",
                "value": "172",
              },
            ]
          }
          data-qa-id="payment-paymentOption-optionList"
          filterPlaceholder="Filter..."
          fuzzyQuery={false}
          noResult="No results found."
          onChange={[Function]}
          placeholder="Select one..."
          showAll={true}
          showDeselectall={false}
          showTxtOnlyCheckedOneItem={true}
          theme="flat"
          txtSuffix="selected"
          value="173"
          visible={true}
        >
          <div
            className="aaui-dropdown"
            data-qa-id="payment-paymentOption-optionList"
            onKeyDown={[Function]}
            onKeyPress={[Function]}
            onKeyUp={[Function]}
          >
            <button
              className="aaui-dropdown__button aaui-dropdown-btn-flat"
              onClick={[Function]}
              onFocus={[Function]}
              onMouseDown={[Function]}
              onMouseUp={[Function]}
              role="button"
              type="button"
            >
              <div
                className="aaui-dropdown__button-text"
                title=""
              >
                 Select one...
              </div>
              <i
                className="icon aaui-dropdown__button-icon icon-chevron-down"
              />
            </button>
            <div
              aria-expanded={false}
              className="aaui-dropdown__menu-wrapper  u-hidden"
              onBlur={[Function]}
              onFocus={[Function]}
              onMouseDown={[Function]}
              role="combobox"
              tabIndex={0}
            >
              <div
                className="aaui-dropdown__menu"
              >
                <ul
                  aria-expanded={false}
                  className=""
                  role="listbox"
                >
                  <li
                    className=" is-selected"
                    key="173"
                    onClick={[Function]}
                    role="option"
                  >
                    <span />
                  </li>
                  <li
                    className=""
                    key="172"
                    onClick={[Function]}
                    role="option"
                  >
                    <span />
                  </li>
                </ul>
                <div>
                  <div
                    className="aaui-dropdown__menu-footer"
                  >
                    <div
                      className="u-hidden"
                    >
                      <i
                        className="icon icon-spinner"
                      />
                       Loading...
                    </div>
                    <div />
                  </div>
                </div>
              </div>
            </div>
          </div>
        </Dropdown>
        <Dropdown
          autoOpen={false}
          className="electronic-check-dropdown"
          data={
            Array [
              Object {
                "name": "electronic #2",
                "text": "electronic #2",
                "value": "443",
              },
              Object {
                "name": "electronic #3",
                "text": "electronic #3",
                "value": "444",
              },
              Object {
                "name": "electronic #5",
                "text": "electronic #5",
                "value": "445",
              },
            ]
          }
          data-qa-id="payment-paymentOption-echeckList"
          errored={false}
          filterPlaceholder="Filter..."
          fuzzyQuery={false}
          noResult="No results found."
          onChange={[Function]}
          placeholder="Choose Electronic Check"
          showAll={true}
          showDeselectall={false}
          showTextTip={true}
          showTxtOnlyCheckedOneItem={true}
          theme="flat"
          txtSuffix="selected"
          value="445"
          visible={true}
        >
          <div
            className="aaui-dropdown electronic-check-dropdown"
            data-qa-id="payment-paymentOption-echeckList"
            onKeyDown={[Function]}
            onKeyPress={[Function]}
            onKeyUp={[Function]}
          >
            <button
              aria-label="electronic #5"
              className="aaui-dropdown__button aaui-dropdown-btn-flat"
              onClick={[Function]}
              onFocus={[Function]}
              onMouseDown={[Function]}
              onMouseUp={[Function]}
              role="button"
              type="button"
            >
              <div
                className="aaui-dropdown__button-text"
                title=" electronic #5"
              >
                 electronic #5
              </div>
              <i
                className="icon aaui-dropdown__button-icon icon-chevron-down"
              />
            </button>
            <div
              aria-expanded={false}
              className="aaui-dropdown__menu-wrapper  u-hidden"
              onBlur={[Function]}
              onFocus={[Function]}
              onMouseDown={[Function]}
              role="combobox"
              tabIndex={0}
            >
              <div
                className="aaui-dropdown__menu"
              >
                <ul
                  aria-expanded={false}
                  className=""
                  role="listbox"
                >
                  <li
                    className=""
                    key="443"
                    onClick={[Function]}
                    role="option"
                    title="electronic #2"
                  >
                    <span>
                      electronic #2
                    </span>
                  </li>
                  <li
                    className=""
                    key="444"
                    onClick={[Function]}
                    role="option"
                    title="electronic #3"
                  >
                    <span>
                      electronic #3
                    </span>
                  </li>
                  <li
                    className=" is-selected"
                    key="445"
                    onClick={[Function]}
                    role="option"
                    title="electronic #5"
                  >
                    <span>
                      electronic #5
                    </span>
                  </li>
                </ul>
                <div>
                  <div
                    className="aaui-dropdown__menu-footer"
                  >
                    <div
                      className="u-hidden"
                    >
                      <i
                        className="icon icon-spinner"
                      />
                       Loading...
                    </div>
                    <div />
                  </div>
                </div>
              </div>
            </div>
          </div>
        </Dropdown>
      </div>
      <div
        className="aaui-flexbox"
      >
        <label
          className="payment-symbol"
          htmlFor="paymentAmount"
        >
          $
        </label>
        <InputNumeric
          allowBlank={true}
          allowKeySpin={true}
          allowMouseSpin={false}
          className=""
          currency="USD"
          data-qa-id="payment-paymentOption-optionAmount"
          decimals={2}
          disabled={false}
          icon=""
          iconHint=""
          id="paymentAmount"
          increment={1}
          items={Array []}
          listClass="input-numeric-list"
          listClassName=""
          listConfig={Object {}}
          listMaxHeight="300px"
          listPopupOptions={Object {}}
          listWidth="auto"
          max={9999999999.99}
          min={0}
          name=""
          onBlur={[Function]}
          onFocus={[Function]}
          onListClose={[Function]}
          onListOpen={[Function]}
          onTextChange={[Function]}
          onValueChange={[Function]}
          placeHolder=""
          prefix="an"
          showClear={false}
          showGroup={false}
          showSpinner={false}
          showTrigger={false}
          showTrigger2={false}
          size="md"
          textAlign="right"
          triggerIcon="icon-chevron-down"
          triggerIcon2="icon-chevron-down"
          triggerIconHint=""
          triggerIconHint2=""
          triggerIconToggle="icon-chevron-up"
          triggerIconToggle2="icon-chevron-up"
          value="500"
        >
          <div
            className="an-input-numeric input-group buttons-0 input-group--md"
          >
            <input
              className="input input-group__field textalign-right input__field"
              data-qa-id="payment-paymentOption-optionAmount"
              disabled={false}
              id="paymentAmount"
              name=""
              onBlur={[Function]}
              onChange={[Function]}
              onDragEnter={[Function]}
              onDragOver={[Function]}
              onDrop={[Function]}
              onFocus={[Function]}
              onKeyDown={[Function]}
              onKeyPress={[Function]}
              onKeyUp={[Function]}
              onMouseUp={[Function]}
              onPaste={[Function]}
              placeholder=""
              type="text"
            />
          </div>
        </InputNumeric>
        <span>
          ElectronicCheck info
        </span>
      </div>
    </div>
  </div>
</ElectronicCheck>
`;
