// Jest Snapshot v1, https://goo.gl/fbAQLP

exports[`src/components/ResourceCalendar/horizontal/Header should render well 1`] = `
<table
  className="an-rc-grid an-rc-grid-header"
>
  <thead>
    <tr
      className="grid-row"
    >
      <th
        className="grid-cell an-rc-date-header today"
      >
        <span
          className="an-rc-clickable"
          onClick={[Function]}
        >
          Today
        </span>
      </th>
      <th
        className="grid-cell an-rc-date-header"
      >
        <span
          className="an-rc-clickable"
          onClick={[Function]}
        >
          2018-09-13
        </span>
      </th>
      <th
        className="grid-cell an-rc-date-header"
      >
        <span
          className="an-rc-clickable"
          onClick={[Function]}
        >
          2018-09-21
        </span>
      </th>
    </tr>
  </thead>
</table>
`;
