// Jest Snapshot v1, https://goo.gl/fbAQLP

exports[`src/components/ResourceCalendar/horizontal/View should render well 1`] = `
<View
  cornerLabel="test"
  currentDate={"2018-08-13T05:00:00.000Z"}
  displayDate={"2018-09-19T05:00:00.000Z"}
  eventOrder="title"
  events={Array []}
  exclusiveMode={false}
  onDateHeaderClick={[Function]}
  onEventOpen={[Function]}
  onResourceHeaderClick={[Function]}
  onResourceRemove={[Function]}
  resources={
    Array [
      Object {
        "dates": Object {
          "2018-09-13": Object {
            "count": 2,
            "levels": Object {
              "0": Object {},
              "1": Object {},
              "2": Object {},
            },
            "more": 0,
            "moreLevel": 0,
            "segs": Array [
              Object {
                "customBlockStyle": Object {},
                "customIconStyle": Object {},
                "display": true,
                "editable": false,
                "key": "seg4",
                "level": 1,
                "span": 1,
                "state": "pending",
                "text": "testing",
                "type": "long",
              },
            ],
          },
          "2018-09-19": Object {
            "count": 4,
            "levels": Object {
              "0": Object {},
              "1": Object {},
              "2": Object {},
              "3": Object {},
            },
            "more": 2,
            "moreLevel": 3,
            "segs": Array [
              Object {
                "customBlockStyle": Object {
                  "background-color": "red",
                  "color": "#fff",
                },
                "customIconStyle": Object {
                  "color": "red",
                },
                "display": true,
                "editable": true,
                "eventKey": "event key1",
                "icon": "test",
                "key": "seg1",
                "level": 0,
                "span": 1,
                "state": "pending",
                "text": "testing",
                "type": "short",
              },
              Object {
                "customBlockStyle": Object {},
                "customIconStyle": Object {},
                "display": true,
                "editable": false,
                "eventKey": "event key2",
                "icon": "test",
                "key": "seg2",
                "level": 3,
                "span": 1,
                "state": "pending",
                "text": "testing",
                "type": "short",
              },
              Object {
                "customBlockStyle": Object {},
                "customIconStyle": Object {},
                "display": true,
                "editable": false,
                "eventKey": "event key3",
                "icon": "test",
                "key": "seg3",
                "level": 3,
                "span": 1,
                "state": "pending",
                "text": "testing",
                "type": "long",
              },
            ],
          },
          "2018-09-21": Object {
            "count": 2,
            "levels": Object {
              "0": Object {},
              "1": Object {},
              "2": Object {},
            },
            "more": 0,
            "moreLevel": 0,
            "segs": Array [
              Object {
                "customBlockStyle": Object {},
                "customIconStyle": Object {},
                "display": true,
                "editable": true,
                "icon": "test",
                "key": "seg5",
                "level": 0,
                "span": 1,
                "state": "pending",
                "text": "testing",
                "type": "short",
              },
            ],
          },
        },
        "id": "r1",
        "key": "r1",
      },
    ]
  }
  theme="test"
>
  <Scroller
    band={
      <Band
        onRemove={[Function]}
        onResourceHeaderClick={[Function]}
        resources={
          Array [
            Object {
              "dates": Object {},
              "events": Array [],
              "id": "r1",
              "key": "r1",
            },
          ]
        }
        rowHeight={48}
      />
    }
    className="an-rc an-rc-horizontal theme-test"
    content={
      <Content
        currentDate={"2018-08-13T05:00:00.000Z"}
        dates={
          Array [
            Object {
              "key": "2018-09-01",
              "value": "2018-09-01T05:00:00.000Z",
            },
            Object {
              "key": "2018-09-02",
              "value": "2018-09-02T05:00:00.000Z",
            },
            Object {
              "key": "2018-09-03",
              "value": "2018-09-03T05:00:00.000Z",
            },
            Object {
              "key": "2018-09-04",
              "value": "2018-09-04T05:00:00.000Z",
            },
            Object {
              "key": "2018-09-05",
              "value": "2018-09-05T05:00:00.000Z",
            },
            Object {
              "key": "2018-09-06",
              "value": "2018-09-06T05:00:00.000Z",
            },
            Object {
              "key": "2018-09-07",
              "value": "2018-09-07T05:00:00.000Z",
            },
            Object {
              "key": "2018-09-08",
              "value": "2018-09-08T05:00:00.000Z",
            },
            Object {
              "key": "2018-09-09",
              "value": "2018-09-09T05:00:00.000Z",
            },
            Object {
              "key": "2018-09-10",
              "value": "2018-09-10T05:00:00.000Z",
            },
            Object {
              "key": "2018-09-11",
              "value": "2018-09-11T05:00:00.000Z",
            },
            Object {
              "key": "2018-09-12",
              "value": "2018-09-12T05:00:00.000Z",
            },
            Object {
              "key": "2018-09-13",
              "value": "2018-09-13T05:00:00.000Z",
            },
            Object {
              "key": "2018-09-14",
              "value": "2018-09-14T05:00:00.000Z",
            },
            Object {
              "key": "2018-09-15",
              "value": "2018-09-15T05:00:00.000Z",
            },
            Object {
              "key": "2018-09-16",
              "value": "2018-09-16T05:00:00.000Z",
            },
            Object {
              "key": "2018-09-17",
              "value": "2018-09-17T05:00:00.000Z",
            },
            Object {
              "key": "2018-09-18",
              "value": "2018-09-18T05:00:00.000Z",
            },
            Object {
              "key": "2018-09-19",
              "value": "2018-09-19T05:00:00.000Z",
            },
            Object {
              "key": "2018-09-20",
              "value": "2018-09-20T05:00:00.000Z",
            },
            Object {
              "key": "2018-09-21",
              "value": "2018-09-21T05:00:00.000Z",
            },
            Object {
              "key": "2018-09-22",
              "value": "2018-09-22T05:00:00.000Z",
            },
            Object {
              "key": "2018-09-23",
              "value": "2018-09-23T05:00:00.000Z",
            },
            Object {
              "key": "2018-09-24",
              "value": "2018-09-24T05:00:00.000Z",
            },
            Object {
              "key": "2018-09-25",
              "value": "2018-09-25T05:00:00.000Z",
            },
            Object {
              "key": "2018-09-26",
              "value": "2018-09-26T05:00:00.000Z",
            },
            Object {
              "key": "2018-09-27",
              "value": "2018-09-27T05:00:00.000Z",
            },
            Object {
              "key": "2018-09-28",
              "value": "2018-09-28T05:00:00.000Z",
            },
            Object {
              "key": "2018-09-29",
              "value": "2018-09-29T05:00:00.000Z",
            },
            Object {
              "key": "2018-09-30",
              "value": "2018-09-30T05:00:00.000Z",
            },
          ]
        }
        eventOrder="title"
        exclusiveMode={false}
        onEventOpen={[Function]}
        resources={
          Array [
            Object {
              "dates": Object {},
              "events": Array [],
              "id": "r1",
              "key": "r1",
            },
          ]
        }
        rowHeight={48}
        theme="test"
      />
    }
    corner={
      <Corner
        cornerLabel="test"
      />
    }
    header={
      <Header
        currentDate={"2018-08-13T05:00:00.000Z"}
        dateFormat="DD ddd"
        dates={
          Array [
            Object {
              "key": "2018-09-01",
              "value": "2018-09-01T05:00:00.000Z",
            },
            Object {
              "key": "2018-09-02",
              "value": "2018-09-02T05:00:00.000Z",
            },
            Object {
              "key": "2018-09-03",
              "value": "2018-09-03T05:00:00.000Z",
            },
            Object {
              "key": "2018-09-04",
              "value": "2018-09-04T05:00:00.000Z",
            },
            Object {
              "key": "2018-09-05",
              "value": "2018-09-05T05:00:00.000Z",
            },
            Object {
              "key": "2018-09-06",
              "value": "2018-09-06T05:00:00.000Z",
            },
            Object {
              "key": "2018-09-07",
              "value": "2018-09-07T05:00:00.000Z",
            },
            Object {
              "key": "2018-09-08",
              "value": "2018-09-08T05:00:00.000Z",
            },
            Object {
              "key": "2018-09-09",
              "value": "2018-09-09T05:00:00.000Z",
            },
            Object {
              "key": "2018-09-10",
              "value": "2018-09-10T05:00:00.000Z",
            },
            Object {
              "key": "2018-09-11",
              "value": "2018-09-11T05:00:00.000Z",
            },
            Object {
              "key": "2018-09-12",
              "value": "2018-09-12T05:00:00.000Z",
            },
            Object {
              "key": "2018-09-13",
              "value": "2018-09-13T05:00:00.000Z",
            },
            Object {
              "key": "2018-09-14",
              "value": "2018-09-14T05:00:00.000Z",
            },
            Object {
              "key": "2018-09-15",
              "value": "2018-09-15T05:00:00.000Z",
            },
            Object {
              "key": "2018-09-16",
              "value": "2018-09-16T05:00:00.000Z",
            },
            Object {
              "key": "2018-09-17",
              "value": "2018-09-17T05:00:00.000Z",
            },
            Object {
              "key": "2018-09-18",
              "value": "2018-09-18T05:00:00.000Z",
            },
            Object {
              "key": "2018-09-19",
              "value": "2018-09-19T05:00:00.000Z",
            },
            Object {
              "key": "2018-09-20",
              "value": "2018-09-20T05:00:00.000Z",
            },
            Object {
              "key": "2018-09-21",
              "value": "2018-09-21T05:00:00.000Z",
            },
            Object {
              "key": "2018-09-22",
              "value": "2018-09-22T05:00:00.000Z",
            },
            Object {
              "key": "2018-09-23",
              "value": "2018-09-23T05:00:00.000Z",
            },
            Object {
              "key": "2018-09-24",
              "value": "2018-09-24T05:00:00.000Z",
            },
            Object {
              "key": "2018-09-25",
              "value": "2018-09-25T05:00:00.000Z",
            },
            Object {
              "key": "2018-09-26",
              "value": "2018-09-26T05:00:00.000Z",
            },
            Object {
              "key": "2018-09-27",
              "value": "2018-09-27T05:00:00.000Z",
            },
            Object {
              "key": "2018-09-28",
              "value": "2018-09-28T05:00:00.000Z",
            },
            Object {
              "key": "2018-09-29",
              "value": "2018-09-29T05:00:00.000Z",
            },
            Object {
              "key": "2018-09-30",
              "value": "2018-09-30T05:00:00.000Z",
            },
          ]
        }
        onDateHeaderClick={[Function]}
      />
    }
    horizontal={true}
    onContentResize={[Function]}
    vertical={true}
  >
    <div
      className="an-scroller an-border-single an-rc an-rc-horizontal theme-test"
    >
      <div>
        <div
          className="an-scroller__header-wrapper"
        >
          <div
            className="an-scroller__corner"
          >
            <Corner
              cornerLabel="test"
            >
              <div
                className="an-rc-grid an-rc-grid-corner"
              >
                <div
                  className="grid-cell"
                >
                  <div
                    className="cell-content"
                  >
                    <span>
                      test
                    </span>
                  </div>
                </div>
              </div>
            </Corner>
          </div>
          <div
            className="an-scroller__header"
          >
            <ScrollerPane
              group="an-scroller-1"
              horizontal={false}
              vertical={false}
            >
              <div
                className="an-scroller-pane"
                style={
                  Object {
                    "overflowX": "hidden",
                    "overflowY": "hidden",
                  }
                }
                tabIndex={-1}
              >
                <Header
                  currentDate={"2018-08-13T05:00:00.000Z"}
                  dateFormat="DD ddd"
                  dates={
                    Array [
                      Object {
                        "key": "2018-09-01",
                        "value": "2018-09-01T05:00:00.000Z",
                      },
                      Object {
                        "key": "2018-09-02",
                        "value": "2018-09-02T05:00:00.000Z",
                      },
                      Object {
                        "key": "2018-09-03",
                        "value": "2018-09-03T05:00:00.000Z",
                      },
                      Object {
                        "key": "2018-09-04",
                        "value": "2018-09-04T05:00:00.000Z",
                      },
                      Object {
                        "key": "2018-09-05",
                        "value": "2018-09-05T05:00:00.000Z",
                      },
                      Object {
                        "key": "2018-09-06",
                        "value": "2018-09-06T05:00:00.000Z",
                      },
                      Object {
                        "key": "2018-09-07",
                        "value": "2018-09-07T05:00:00.000Z",
                      },
                      Object {
                        "key": "2018-09-08",
                        "value": "2018-09-08T05:00:00.000Z",
                      },
                      Object {
                        "key": "2018-09-09",
                        "value": "2018-09-09T05:00:00.000Z",
                      },
                      Object {
                        "key": "2018-09-10",
                        "value": "2018-09-10T05:00:00.000Z",
                      },
                      Object {
                        "key": "2018-09-11",
                        "value": "2018-09-11T05:00:00.000Z",
                      },
                      Object {
                        "key": "2018-09-12",
                        "value": "2018-09-12T05:00:00.000Z",
                      },
                      Object {
                        "key": "2018-09-13",
                        "value": "2018-09-13T05:00:00.000Z",
                      },
                      Object {
                        "key": "2018-09-14",
                        "value": "2018-09-14T05:00:00.000Z",
                      },
                      Object {
                        "key": "2018-09-15",
                        "value": "2018-09-15T05:00:00.000Z",
                      },
                      Object {
                        "key": "2018-09-16",
                        "value": "2018-09-16T05:00:00.000Z",
                      },
                      Object {
                        "key": "2018-09-17",
                        "value": "2018-09-17T05:00:00.000Z",
                      },
                      Object {
                        "key": "2018-09-18",
                        "value": "2018-09-18T05:00:00.000Z",
                      },
                      Object {
                        "key": "2018-09-19",
                        "value": "2018-09-19T05:00:00.000Z",
                      },
                      Object {
                        "key": "2018-09-20",
                        "value": "2018-09-20T05:00:00.000Z",
                      },
                      Object {
                        "key": "2018-09-21",
                        "value": "2018-09-21T05:00:00.000Z",
                      },
                      Object {
                        "key": "2018-09-22",
                        "value": "2018-09-22T05:00:00.000Z",
                      },
                      Object {
                        "key": "2018-09-23",
                        "value": "2018-09-23T05:00:00.000Z",
                      },
                      Object {
                        "key": "2018-09-24",
                        "value": "2018-09-24T05:00:00.000Z",
                      },
                      Object {
                        "key": "2018-09-25",
                        "value": "2018-09-25T05:00:00.000Z",
                      },
                      Object {
                        "key": "2018-09-26",
                        "value": "2018-09-26T05:00:00.000Z",
                      },
                      Object {
                        "key": "2018-09-27",
                        "value": "2018-09-27T05:00:00.000Z",
                      },
                      Object {
                        "key": "2018-09-28",
                        "value": "2018-09-28T05:00:00.000Z",
                      },
                      Object {
                        "key": "2018-09-29",
                        "value": "2018-09-29T05:00:00.000Z",
                      },
                      Object {
                        "key": "2018-09-30",
                        "value": "2018-09-30T05:00:00.000Z",
                      },
                    ]
                  }
                  onDateHeaderClick={[Function]}
                >
                  <table
                    className="an-rc-grid an-rc-grid-header"
                  >
                    <thead>
                      <tr
                        className="grid-row"
                      >
                        <th
                          className="grid-cell an-rc-date-header weekend"
                          key="header_2018-09-01"
                        >
                          <span
                            className="an-rc-clickable"
                            onClick={[Function]}
                          >
                            01 Sat
                          </span>
                        </th>
                        <th
                          className="grid-cell an-rc-date-header weekend is-sunday"
                          key="header_2018-09-02"
                        >
                          <span
                            className="an-rc-clickable"
                            onClick={[Function]}
                          >
                            02 Sun
                          </span>
                        </th>
                        <th
                          className="grid-cell an-rc-date-header"
                          key="header_2018-09-03"
                        >
                          <span
                            className="an-rc-clickable"
                            onClick={[Function]}
                          >
                            03 Mon
                          </span>
                        </th>
                        <th
                          className="grid-cell an-rc-date-header"
                          key="header_2018-09-04"
                        >
                          <span
                            className="an-rc-clickable"
                            onClick={[Function]}
                          >
                            04 Tue
                          </span>
                        </th>
                        <th
                          className="grid-cell an-rc-date-header"
                          key="header_2018-09-05"
                        >
                          <span
                            className="an-rc-clickable"
                            onClick={[Function]}
                          >
                            05 Wed
                          </span>
                        </th>
                        <th
                          className="grid-cell an-rc-date-header"
                          key="header_2018-09-06"
                        >
                          <span
                            className="an-rc-clickable"
                            onClick={[Function]}
                          >
                            06 Thu
                          </span>
                        </th>
                        <th
                          className="grid-cell an-rc-date-header"
                          key="header_2018-09-07"
                        >
                          <span
                            className="an-rc-clickable"
                            onClick={[Function]}
                          >
                            07 Fri
                          </span>
                        </th>
                        <th
                          className="grid-cell an-rc-date-header weekend"
                          key="header_2018-09-08"
                        >
                          <span
                            className="an-rc-clickable"
                            onClick={[Function]}
                          >
                            08 Sat
                          </span>
                        </th>
                        <th
                          className="grid-cell an-rc-date-header weekend is-sunday"
                          key="header_2018-09-09"
                        >
                          <span
                            className="an-rc-clickable"
                            onClick={[Function]}
                          >
                            09 Sun
                          </span>
                        </th>
                        <th
                          className="grid-cell an-rc-date-header"
                          key="header_2018-09-10"
                        >
                          <span
                            className="an-rc-clickable"
                            onClick={[Function]}
                          >
                            10 Mon
                          </span>
                        </th>
                        <th
                          className="grid-cell an-rc-date-header"
                          key="header_2018-09-11"
                        >
                          <span
                            className="an-rc-clickable"
                            onClick={[Function]}
                          >
                            11 Tue
                          </span>
                        </th>
                        <th
                          className="grid-cell an-rc-date-header"
                          key="header_2018-09-12"
                        >
                          <span
                            className="an-rc-clickable"
                            onClick={[Function]}
                          >
                            12 Wed
                          </span>
                        </th>
                        <th
                          className="grid-cell an-rc-date-header"
                          key="header_2018-09-13"
                        >
                          <span
                            className="an-rc-clickable"
                            onClick={[Function]}
                          >
                            13 Thu
                          </span>
                        </th>
                        <th
                          className="grid-cell an-rc-date-header"
                          key="header_2018-09-14"
                        >
                          <span
                            className="an-rc-clickable"
                            onClick={[Function]}
                          >
                            14 Fri
                          </span>
                        </th>
                        <th
                          className="grid-cell an-rc-date-header weekend"
                          key="header_2018-09-15"
                        >
                          <span
                            className="an-rc-clickable"
                            onClick={[Function]}
                          >
                            15 Sat
                          </span>
                        </th>
                        <th
                          className="grid-cell an-rc-date-header weekend is-sunday"
                          key="header_2018-09-16"
                        >
                          <span
                            className="an-rc-clickable"
                            onClick={[Function]}
                          >
                            16 Sun
                          </span>
                        </th>
                        <th
                          className="grid-cell an-rc-date-header"
                          key="header_2018-09-17"
                        >
                          <span
                            className="an-rc-clickable"
                            onClick={[Function]}
                          >
                            17 Mon
                          </span>
                        </th>
                        <th
                          className="grid-cell an-rc-date-header"
                          key="header_2018-09-18"
                        >
                          <span
                            className="an-rc-clickable"
                            onClick={[Function]}
                          >
                            18 Tue
                          </span>
                        </th>
                        <th
                          className="grid-cell an-rc-date-header"
                          key="header_2018-09-19"
                        >
                          <span
                            className="an-rc-clickable"
                            onClick={[Function]}
                          >
                            19 Wed
                          </span>
                        </th>
                        <th
                          className="grid-cell an-rc-date-header"
                          key="header_2018-09-20"
                        >
                          <span
                            className="an-rc-clickable"
                            onClick={[Function]}
                          >
                            20 Thu
                          </span>
                        </th>
                        <th
                          className="grid-cell an-rc-date-header"
                          key="header_2018-09-21"
                        >
                          <span
                            className="an-rc-clickable"
                            onClick={[Function]}
                          >
                            21 Fri
                          </span>
                        </th>
                        <th
                          className="grid-cell an-rc-date-header weekend"
                          key="header_2018-09-22"
                        >
                          <span
                            className="an-rc-clickable"
                            onClick={[Function]}
                          >
                            22 Sat
                          </span>
                        </th>
                        <th
                          className="grid-cell an-rc-date-header weekend is-sunday"
                          key="header_2018-09-23"
                        >
                          <span
                            className="an-rc-clickable"
                            onClick={[Function]}
                          >
                            23 Sun
                          </span>
                        </th>
                        <th
                          className="grid-cell an-rc-date-header"
                          key="header_2018-09-24"
                        >
                          <span
                            className="an-rc-clickable"
                            onClick={[Function]}
                          >
                            24 Mon
                          </span>
                        </th>
                        <th
                          className="grid-cell an-rc-date-header"
                          key="header_2018-09-25"
                        >
                          <span
                            className="an-rc-clickable"
                            onClick={[Function]}
                          >
                            25 Tue
                          </span>
                        </th>
                        <th
                          className="grid-cell an-rc-date-header"
                          key="header_2018-09-26"
                        >
                          <span
                            className="an-rc-clickable"
                            onClick={[Function]}
                          >
                            26 Wed
                          </span>
                        </th>
                        <th
                          className="grid-cell an-rc-date-header"
                          key="header_2018-09-27"
                        >
                          <span
                            className="an-rc-clickable"
                            onClick={[Function]}
                          >
                            27 Thu
                          </span>
                        </th>
                        <th
                          className="grid-cell an-rc-date-header"
                          key="header_2018-09-28"
                        >
                          <span
                            className="an-rc-clickable"
                            onClick={[Function]}
                          >
                            28 Fri
                          </span>
                        </th>
                        <th
                          className="grid-cell an-rc-date-header weekend"
                          key="header_2018-09-29"
                        >
                          <span
                            className="an-rc-clickable"
                            onClick={[Function]}
                          >
                            29 Sat
                          </span>
                        </th>
                        <th
                          className="grid-cell an-rc-date-header weekend is-sunday"
                          key="header_2018-09-30"
                        >
                          <span
                            className="an-rc-clickable"
                            onClick={[Function]}
                          >
                            30 Sun
                          </span>
                        </th>
                      </tr>
                    </thead>
                  </table>
                </Header>
              </div>
            </ScrollerPane>
          </div>
        </div>
      </div>
      <div
        className="an-scroller__body-wrapper"
      >
        <div
          className="an-scroller__band"
        >
          <ScrollerPane
            group="an-scroller-1"
            horizontal={false}
            vertical={false}
          >
            <div
              className="an-scroller-pane"
              style={
                Object {
                  "overflowX": "hidden",
                  "overflowY": "hidden",
                }
              }
              tabIndex={-1}
            >
              <Band
                onRemove={[Function]}
                onResourceHeaderClick={[Function]}
                resources={
                  Array [
                    Object {
                      "dates": Object {},
                      "events": Array [],
                      "id": "r1",
                      "key": "r1",
                    },
                  ]
                }
                rowHeight={48}
              >
                <table
                  className="an-rc-grid an-rc-grid-band an-rc-band-resource"
                >
                  <tbody>
                    <tr
                      className="grid-row"
                      key="r1"
                      style={
                        Object {
                          "height": "48px",
                        }
                      }
                    >
                      <ResourceCell
                        onClear={[Function]}
                        onResourceHeaderClick={[Function]}
                        resource={
                          Object {
                            "dates": Object {},
                            "events": Array [],
                            "id": "r1",
                            "key": "r1",
                          }
                        }
                      >
                        <th
                          className="grid-cell resource-cell"
                        >
                          <div
                            className="cell-content"
                          >
                            <span
                              className="resource-tag resource-tag-facility"
                            >
                              F
                            </span>
                            <span
                              className="resource-name an-rc-clickable"
                              onClick={[Function]}
                            />
                          </div>
                        </th>
                      </ResourceCell>
                    </tr>
                  </tbody>
                </table>
              </Band>
            </div>
          </ScrollerPane>
        </div>
        <div
          className="an-scroller__content"
        >
          <ScrollerPane
            group="an-scroller-1"
            horizontal={true}
            master={true}
            onResize={[Function]}
            vertical={true}
          >
            <div
              className="an-scroller-pane"
              style={
                Object {
                  "overflowX": "auto",
                  "overflowY": "auto",
                }
              }
              tabIndex={-1}
            >
              <Content
                currentDate={"2018-08-13T05:00:00.000Z"}
                dates={
                  Array [
                    Object {
                      "key": "2018-09-01",
                      "value": "2018-09-01T05:00:00.000Z",
                    },
                    Object {
                      "key": "2018-09-02",
                      "value": "2018-09-02T05:00:00.000Z",
                    },
                    Object {
                      "key": "2018-09-03",
                      "value": "2018-09-03T05:00:00.000Z",
                    },
                    Object {
                      "key": "2018-09-04",
                      "value": "2018-09-04T05:00:00.000Z",
                    },
                    Object {
                      "key": "2018-09-05",
                      "value": "2018-09-05T05:00:00.000Z",
                    },
                    Object {
                      "key": "2018-09-06",
                      "value": "2018-09-06T05:00:00.000Z",
                    },
                    Object {
                      "key": "2018-09-07",
                      "value": "2018-09-07T05:00:00.000Z",
                    },
                    Object {
                      "key": "2018-09-08",
                      "value": "2018-09-08T05:00:00.000Z",
                    },
                    Object {
                      "key": "2018-09-09",
                      "value": "2018-09-09T05:00:00.000Z",
                    },
                    Object {
                      "key": "2018-09-10",
                      "value": "2018-09-10T05:00:00.000Z",
                    },
                    Object {
                      "key": "2018-09-11",
                      "value": "2018-09-11T05:00:00.000Z",
                    },
                    Object {
                      "key": "2018-09-12",
                      "value": "2018-09-12T05:00:00.000Z",
                    },
                    Object {
                      "key": "2018-09-13",
                      "value": "2018-09-13T05:00:00.000Z",
                    },
                    Object {
                      "key": "2018-09-14",
                      "value": "2018-09-14T05:00:00.000Z",
                    },
                    Object {
                      "key": "2018-09-15",
                      "value": "2018-09-15T05:00:00.000Z",
                    },
                    Object {
                      "key": "2018-09-16",
                      "value": "2018-09-16T05:00:00.000Z",
                    },
                    Object {
                      "key": "2018-09-17",
                      "value": "2018-09-17T05:00:00.000Z",
                    },
                    Object {
                      "key": "2018-09-18",
                      "value": "2018-09-18T05:00:00.000Z",
                    },
                    Object {
                      "key": "2018-09-19",
                      "value": "2018-09-19T05:00:00.000Z",
                    },
                    Object {
                      "key": "2018-09-20",
                      "value": "2018-09-20T05:00:00.000Z",
                    },
                    Object {
                      "key": "2018-09-21",
                      "value": "2018-09-21T05:00:00.000Z",
                    },
                    Object {
                      "key": "2018-09-22",
                      "value": "2018-09-22T05:00:00.000Z",
                    },
                    Object {
                      "key": "2018-09-23",
                      "value": "2018-09-23T05:00:00.000Z",
                    },
                    Object {
                      "key": "2018-09-24",
                      "value": "2018-09-24T05:00:00.000Z",
                    },
                    Object {
                      "key": "2018-09-25",
                      "value": "2018-09-25T05:00:00.000Z",
                    },
                    Object {
                      "key": "2018-09-26",
                      "value": "2018-09-26T05:00:00.000Z",
                    },
                    Object {
                      "key": "2018-09-27",
                      "value": "2018-09-27T05:00:00.000Z",
                    },
                    Object {
                      "key": "2018-09-28",
                      "value": "2018-09-28T05:00:00.000Z",
                    },
                    Object {
                      "key": "2018-09-29",
                      "value": "2018-09-29T05:00:00.000Z",
                    },
                    Object {
                      "key": "2018-09-30",
                      "value": "2018-09-30T05:00:00.000Z",
                    },
                  ]
                }
                eventOrder="title"
                exclusiveMode={false}
                onEventOpen={[Function]}
                resources={
                  Array [
                    Object {
                      "dates": Object {},
                      "events": Array [],
                      "id": "r1",
                      "key": "r1",
                    },
                  ]
                }
                rowHeight={48}
                theme="test"
              >
                <table
                  className="an-rc-grid an-rc-grid-content"
                >
                  <tbody>
                    <tr
                      className="grid-row"
                      key="content_r1"
                      style={
                        Object {
                          "height": "48px",
                        }
                      }
                    >
                      <td
                        className="grid-cell an-rc-date weekend"
                        data-info="r1/2018-09-01"
                        key="r1/2018-09-01"
                        onDoubleClick={[Function]}
                      >
                        <DateCell
                          date={
                            Object {
                              "key": "2018-09-01",
                              "value": "2018-09-01T05:00:00.000Z",
                            }
                          }
                          eventOrder="title"
                          exclusiveMode={false}
                          onEventOpen={[Function]}
                          resource={
                            Object {
                              "dates": Object {},
                              "events": Array [],
                              "id": "r1",
                              "key": "r1",
                            }
                          }
                          rowHeight={48}
                          theme="test"
                        >
                          <div
                            className="cell-content"
                            onBlur={[Function]}
                            onClick={[Function]}
                            style={
                              Object {
                                "height": "46px",
                              }
                            }
                            tabIndex={-1}
                          />
                        </DateCell>
                      </td>
                      <td
                        className="grid-cell an-rc-date weekend is-sunday"
                        data-info="r1/2018-09-02"
                        key="r1/2018-09-02"
                        onDoubleClick={[Function]}
                      >
                        <DateCell
                          date={
                            Object {
                              "key": "2018-09-02",
                              "value": "2018-09-02T05:00:00.000Z",
                            }
                          }
                          eventOrder="title"
                          exclusiveMode={false}
                          onEventOpen={[Function]}
                          resource={
                            Object {
                              "dates": Object {},
                              "events": Array [],
                              "id": "r1",
                              "key": "r1",
                            }
                          }
                          rowHeight={48}
                          theme="test"
                        >
                          <div
                            className="cell-content"
                            onBlur={[Function]}
                            onClick={[Function]}
                            style={
                              Object {
                                "height": "46px",
                              }
                            }
                            tabIndex={-1}
                          />
                        </DateCell>
                      </td>
                      <td
                        className="grid-cell an-rc-date"
                        data-info="r1/2018-09-03"
                        key="r1/2018-09-03"
                        onDoubleClick={[Function]}
                      >
                        <DateCell
                          date={
                            Object {
                              "key": "2018-09-03",
                              "value": "2018-09-03T05:00:00.000Z",
                            }
                          }
                          eventOrder="title"
                          exclusiveMode={false}
                          onEventOpen={[Function]}
                          resource={
                            Object {
                              "dates": Object {},
                              "events": Array [],
                              "id": "r1",
                              "key": "r1",
                            }
                          }
                          rowHeight={48}
                          theme="test"
                        >
                          <div
                            className="cell-content"
                            onBlur={[Function]}
                            onClick={[Function]}
                            style={
                              Object {
                                "height": "46px",
                              }
                            }
                            tabIndex={-1}
                          />
                        </DateCell>
                      </td>
                      <td
                        className="grid-cell an-rc-date"
                        data-info="r1/2018-09-04"
                        key="r1/2018-09-04"
                        onDoubleClick={[Function]}
                      >
                        <DateCell
                          date={
                            Object {
                              "key": "2018-09-04",
                              "value": "2018-09-04T05:00:00.000Z",
                            }
                          }
                          eventOrder="title"
                          exclusiveMode={false}
                          onEventOpen={[Function]}
                          resource={
                            Object {
                              "dates": Object {},
                              "events": Array [],
                              "id": "r1",
                              "key": "r1",
                            }
                          }
                          rowHeight={48}
                          theme="test"
                        >
                          <div
                            className="cell-content"
                            onBlur={[Function]}
                            onClick={[Function]}
                            style={
                              Object {
                                "height": "46px",
                              }
                            }
                            tabIndex={-1}
                          />
                        </DateCell>
                      </td>
                      <td
                        className="grid-cell an-rc-date"
                        data-info="r1/2018-09-05"
                        key="r1/2018-09-05"
                        onDoubleClick={[Function]}
                      >
                        <DateCell
                          date={
                            Object {
                              "key": "2018-09-05",
                              "value": "2018-09-05T05:00:00.000Z",
                            }
                          }
                          eventOrder="title"
                          exclusiveMode={false}
                          onEventOpen={[Function]}
                          resource={
                            Object {
                              "dates": Object {},
                              "events": Array [],
                              "id": "r1",
                              "key": "r1",
                            }
                          }
                          rowHeight={48}
                          theme="test"
                        >
                          <div
                            className="cell-content"
                            onBlur={[Function]}
                            onClick={[Function]}
                            style={
                              Object {
                                "height": "46px",
                              }
                            }
                            tabIndex={-1}
                          />
                        </DateCell>
                      </td>
                      <td
                        className="grid-cell an-rc-date"
                        data-info="r1/2018-09-06"
                        key="r1/2018-09-06"
                        onDoubleClick={[Function]}
                      >
                        <DateCell
                          date={
                            Object {
                              "key": "2018-09-06",
                              "value": "2018-09-06T05:00:00.000Z",
                            }
                          }
                          eventOrder="title"
                          exclusiveMode={false}
                          onEventOpen={[Function]}
                          resource={
                            Object {
                              "dates": Object {},
                              "events": Array [],
                              "id": "r1",
                              "key": "r1",
                            }
                          }
                          rowHeight={48}
                          theme="test"
                        >
                          <div
                            className="cell-content"
                            onBlur={[Function]}
                            onClick={[Function]}
                            style={
                              Object {
                                "height": "46px",
                              }
                            }
                            tabIndex={-1}
                          />
                        </DateCell>
                      </td>
                      <td
                        className="grid-cell an-rc-date"
                        data-info="r1/2018-09-07"
                        key="r1/2018-09-07"
                        onDoubleClick={[Function]}
                      >
                        <DateCell
                          date={
                            Object {
                              "key": "2018-09-07",
                              "value": "2018-09-07T05:00:00.000Z",
                            }
                          }
                          eventOrder="title"
                          exclusiveMode={false}
                          onEventOpen={[Function]}
                          resource={
                            Object {
                              "dates": Object {},
                              "events": Array [],
                              "id": "r1",
                              "key": "r1",
                            }
                          }
                          rowHeight={48}
                          theme="test"
                        >
                          <div
                            className="cell-content"
                            onBlur={[Function]}
                            onClick={[Function]}
                            style={
                              Object {
                                "height": "46px",
                              }
                            }
                            tabIndex={-1}
                          />
                        </DateCell>
                      </td>
                      <td
                        className="grid-cell an-rc-date weekend"
                        data-info="r1/2018-09-08"
                        key="r1/2018-09-08"
                        onDoubleClick={[Function]}
                      >
                        <DateCell
                          date={
                            Object {
                              "key": "2018-09-08",
                              "value": "2018-09-08T05:00:00.000Z",
                            }
                          }
                          eventOrder="title"
                          exclusiveMode={false}
                          onEventOpen={[Function]}
                          resource={
                            Object {
                              "dates": Object {},
                              "events": Array [],
                              "id": "r1",
                              "key": "r1",
                            }
                          }
                          rowHeight={48}
                          theme="test"
                        >
                          <div
                            className="cell-content"
                            onBlur={[Function]}
                            onClick={[Function]}
                            style={
                              Object {
                                "height": "46px",
                              }
                            }
                            tabIndex={-1}
                          />
                        </DateCell>
                      </td>
                      <td
                        className="grid-cell an-rc-date weekend is-sunday"
                        data-info="r1/2018-09-09"
                        key="r1/2018-09-09"
                        onDoubleClick={[Function]}
                      >
                        <DateCell
                          date={
                            Object {
                              "key": "2018-09-09",
                              "value": "2018-09-09T05:00:00.000Z",
                            }
                          }
                          eventOrder="title"
                          exclusiveMode={false}
                          onEventOpen={[Function]}
                          resource={
                            Object {
                              "dates": Object {},
                              "events": Array [],
                              "id": "r1",
                              "key": "r1",
                            }
                          }
                          rowHeight={48}
                          theme="test"
                        >
                          <div
                            className="cell-content"
                            onBlur={[Function]}
                            onClick={[Function]}
                            style={
                              Object {
                                "height": "46px",
                              }
                            }
                            tabIndex={-1}
                          />
                        </DateCell>
                      </td>
                      <td
                        className="grid-cell an-rc-date"
                        data-info="r1/2018-09-10"
                        key="r1/2018-09-10"
                        onDoubleClick={[Function]}
                      >
                        <DateCell
                          date={
                            Object {
                              "key": "2018-09-10",
                              "value": "2018-09-10T05:00:00.000Z",
                            }
                          }
                          eventOrder="title"
                          exclusiveMode={false}
                          onEventOpen={[Function]}
                          resource={
                            Object {
                              "dates": Object {},
                              "events": Array [],
                              "id": "r1",
                              "key": "r1",
                            }
                          }
                          rowHeight={48}
                          theme="test"
                        >
                          <div
                            className="cell-content"
                            onBlur={[Function]}
                            onClick={[Function]}
                            style={
                              Object {
                                "height": "46px",
                              }
                            }
                            tabIndex={-1}
                          />
                        </DateCell>
                      </td>
                      <td
                        className="grid-cell an-rc-date"
                        data-info="r1/2018-09-11"
                        key="r1/2018-09-11"
                        onDoubleClick={[Function]}
                      >
                        <DateCell
                          date={
                            Object {
                              "key": "2018-09-11",
                              "value": "2018-09-11T05:00:00.000Z",
                            }
                          }
                          eventOrder="title"
                          exclusiveMode={false}
                          onEventOpen={[Function]}
                          resource={
                            Object {
                              "dates": Object {},
                              "events": Array [],
                              "id": "r1",
                              "key": "r1",
                            }
                          }
                          rowHeight={48}
                          theme="test"
                        >
                          <div
                            className="cell-content"
                            onBlur={[Function]}
                            onClick={[Function]}
                            style={
                              Object {
                                "height": "46px",
                              }
                            }
                            tabIndex={-1}
                          />
                        </DateCell>
                      </td>
                      <td
                        className="grid-cell an-rc-date"
                        data-info="r1/2018-09-12"
                        key="r1/2018-09-12"
                        onDoubleClick={[Function]}
                      >
                        <DateCell
                          date={
                            Object {
                              "key": "2018-09-12",
                              "value": "2018-09-12T05:00:00.000Z",
                            }
                          }
                          eventOrder="title"
                          exclusiveMode={false}
                          onEventOpen={[Function]}
                          resource={
                            Object {
                              "dates": Object {},
                              "events": Array [],
                              "id": "r1",
                              "key": "r1",
                            }
                          }
                          rowHeight={48}
                          theme="test"
                        >
                          <div
                            className="cell-content"
                            onBlur={[Function]}
                            onClick={[Function]}
                            style={
                              Object {
                                "height": "46px",
                              }
                            }
                            tabIndex={-1}
                          />
                        </DateCell>
                      </td>
                      <td
                        className="grid-cell an-rc-date"
                        data-info="r1/2018-09-13"
                        key="r1/2018-09-13"
                        onDoubleClick={[Function]}
                      >
                        <DateCell
                          date={
                            Object {
                              "key": "2018-09-13",
                              "value": "2018-09-13T05:00:00.000Z",
                            }
                          }
                          eventOrder="title"
                          exclusiveMode={false}
                          onEventOpen={[Function]}
                          resource={
                            Object {
                              "dates": Object {},
                              "events": Array [],
                              "id": "r1",
                              "key": "r1",
                            }
                          }
                          rowHeight={48}
                          theme="test"
                        >
                          <div
                            className="cell-content"
                            onBlur={[Function]}
                            onClick={[Function]}
                            style={
                              Object {
                                "height": "46px",
                              }
                            }
                            tabIndex={-1}
                          />
                        </DateCell>
                      </td>
                      <td
                        className="grid-cell an-rc-date"
                        data-info="r1/2018-09-14"
                        key="r1/2018-09-14"
                        onDoubleClick={[Function]}
                      >
                        <DateCell
                          date={
                            Object {
                              "key": "2018-09-14",
                              "value": "2018-09-14T05:00:00.000Z",
                            }
                          }
                          eventOrder="title"
                          exclusiveMode={false}
                          onEventOpen={[Function]}
                          resource={
                            Object {
                              "dates": Object {},
                              "events": Array [],
                              "id": "r1",
                              "key": "r1",
                            }
                          }
                          rowHeight={48}
                          theme="test"
                        >
                          <div
                            className="cell-content"
                            onBlur={[Function]}
                            onClick={[Function]}
                            style={
                              Object {
                                "height": "46px",
                              }
                            }
                            tabIndex={-1}
                          />
                        </DateCell>
                      </td>
                      <td
                        className="grid-cell an-rc-date weekend"
                        data-info="r1/2018-09-15"
                        key="r1/2018-09-15"
                        onDoubleClick={[Function]}
                      >
                        <DateCell
                          date={
                            Object {
                              "key": "2018-09-15",
                              "value": "2018-09-15T05:00:00.000Z",
                            }
                          }
                          eventOrder="title"
                          exclusiveMode={false}
                          onEventOpen={[Function]}
                          resource={
                            Object {
                              "dates": Object {},
                              "events": Array [],
                              "id": "r1",
                              "key": "r1",
                            }
                          }
                          rowHeight={48}
                          theme="test"
                        >
                          <div
                            className="cell-content"
                            onBlur={[Function]}
                            onClick={[Function]}
                            style={
                              Object {
                                "height": "46px",
                              }
                            }
                            tabIndex={-1}
                          />
                        </DateCell>
                      </td>
                      <td
                        className="grid-cell an-rc-date weekend is-sunday"
                        data-info="r1/2018-09-16"
                        key="r1/2018-09-16"
                        onDoubleClick={[Function]}
                      >
                        <DateCell
                          date={
                            Object {
                              "key": "2018-09-16",
                              "value": "2018-09-16T05:00:00.000Z",
                            }
                          }
                          eventOrder="title"
                          exclusiveMode={false}
                          onEventOpen={[Function]}
                          resource={
                            Object {
                              "dates": Object {},
                              "events": Array [],
                              "id": "r1",
                              "key": "r1",
                            }
                          }
                          rowHeight={48}
                          theme="test"
                        >
                          <div
                            className="cell-content"
                            onBlur={[Function]}
                            onClick={[Function]}
                            style={
                              Object {
                                "height": "46px",
                              }
                            }
                            tabIndex={-1}
                          />
                        </DateCell>
                      </td>
                      <td
                        className="grid-cell an-rc-date"
                        data-info="r1/2018-09-17"
                        key="r1/2018-09-17"
                        onDoubleClick={[Function]}
                      >
                        <DateCell
                          date={
                            Object {
                              "key": "2018-09-17",
                              "value": "2018-09-17T05:00:00.000Z",
                            }
                          }
                          eventOrder="title"
                          exclusiveMode={false}
                          onEventOpen={[Function]}
                          resource={
                            Object {
                              "dates": Object {},
                              "events": Array [],
                              "id": "r1",
                              "key": "r1",
                            }
                          }
                          rowHeight={48}
                          theme="test"
                        >
                          <div
                            className="cell-content"
                            onBlur={[Function]}
                            onClick={[Function]}
                            style={
                              Object {
                                "height": "46px",
                              }
                            }
                            tabIndex={-1}
                          />
                        </DateCell>
                      </td>
                      <td
                        className="grid-cell an-rc-date"
                        data-info="r1/2018-09-18"
                        key="r1/2018-09-18"
                        onDoubleClick={[Function]}
                      >
                        <DateCell
                          date={
                            Object {
                              "key": "2018-09-18",
                              "value": "2018-09-18T05:00:00.000Z",
                            }
                          }
                          eventOrder="title"
                          exclusiveMode={false}
                          onEventOpen={[Function]}
                          resource={
                            Object {
                              "dates": Object {},
                              "events": Array [],
                              "id": "r1",
                              "key": "r1",
                            }
                          }
                          rowHeight={48}
                          theme="test"
                        >
                          <div
                            className="cell-content"
                            onBlur={[Function]}
                            onClick={[Function]}
                            style={
                              Object {
                                "height": "46px",
                              }
                            }
                            tabIndex={-1}
                          />
                        </DateCell>
                      </td>
                      <td
                        className="grid-cell an-rc-date"
                        data-info="r1/2018-09-19"
                        key="r1/2018-09-19"
                        onDoubleClick={[Function]}
                      >
                        <DateCell
                          date={
                            Object {
                              "key": "2018-09-19",
                              "value": "2018-09-19T05:00:00.000Z",
                            }
                          }
                          eventOrder="title"
                          exclusiveMode={false}
                          onEventOpen={[Function]}
                          resource={
                            Object {
                              "dates": Object {},
                              "events": Array [],
                              "id": "r1",
                              "key": "r1",
                            }
                          }
                          rowHeight={48}
                          theme="test"
                        >
                          <div
                            className="cell-content"
                            onBlur={[Function]}
                            onClick={[Function]}
                            style={
                              Object {
                                "height": "46px",
                              }
                            }
                            tabIndex={-1}
                          />
                        </DateCell>
                      </td>
                      <td
                        className="grid-cell an-rc-date"
                        data-info="r1/2018-09-20"
                        key="r1/2018-09-20"
                        onDoubleClick={[Function]}
                      >
                        <DateCell
                          date={
                            Object {
                              "key": "2018-09-20",
                              "value": "2018-09-20T05:00:00.000Z",
                            }
                          }
                          eventOrder="title"
                          exclusiveMode={false}
                          onEventOpen={[Function]}
                          resource={
                            Object {
                              "dates": Object {},
                              "events": Array [],
                              "id": "r1",
                              "key": "r1",
                            }
                          }
                          rowHeight={48}
                          theme="test"
                        >
                          <div
                            className="cell-content"
                            onBlur={[Function]}
                            onClick={[Function]}
                            style={
                              Object {
                                "height": "46px",
                              }
                            }
                            tabIndex={-1}
                          />
                        </DateCell>
                      </td>
                      <td
                        className="grid-cell an-rc-date"
                        data-info="r1/2018-09-21"
                        key="r1/2018-09-21"
                        onDoubleClick={[Function]}
                      >
                        <DateCell
                          date={
                            Object {
                              "key": "2018-09-21",
                              "value": "2018-09-21T05:00:00.000Z",
                            }
                          }
                          eventOrder="title"
                          exclusiveMode={false}
                          onEventOpen={[Function]}
                          resource={
                            Object {
                              "dates": Object {},
                              "events": Array [],
                              "id": "r1",
                              "key": "r1",
                            }
                          }
                          rowHeight={48}
                          theme="test"
                        >
                          <div
                            className="cell-content"
                            onBlur={[Function]}
                            onClick={[Function]}
                            style={
                              Object {
                                "height": "46px",
                              }
                            }
                            tabIndex={-1}
                          />
                        </DateCell>
                      </td>
                      <td
                        className="grid-cell an-rc-date weekend"
                        data-info="r1/2018-09-22"
                        key="r1/2018-09-22"
                        onDoubleClick={[Function]}
                      >
                        <DateCell
                          date={
                            Object {
                              "key": "2018-09-22",
                              "value": "2018-09-22T05:00:00.000Z",
                            }
                          }
                          eventOrder="title"
                          exclusiveMode={false}
                          onEventOpen={[Function]}
                          resource={
                            Object {
                              "dates": Object {},
                              "events": Array [],
                              "id": "r1",
                              "key": "r1",
                            }
                          }
                          rowHeight={48}
                          theme="test"
                        >
                          <div
                            className="cell-content"
                            onBlur={[Function]}
                            onClick={[Function]}
                            style={
                              Object {
                                "height": "46px",
                              }
                            }
                            tabIndex={-1}
                          />
                        </DateCell>
                      </td>
                      <td
                        className="grid-cell an-rc-date weekend is-sunday"
                        data-info="r1/2018-09-23"
                        key="r1/2018-09-23"
                        onDoubleClick={[Function]}
                      >
                        <DateCell
                          date={
                            Object {
                              "key": "2018-09-23",
                              "value": "2018-09-23T05:00:00.000Z",
                            }
                          }
                          eventOrder="title"
                          exclusiveMode={false}
                          onEventOpen={[Function]}
                          resource={
                            Object {
                              "dates": Object {},
                              "events": Array [],
                              "id": "r1",
                              "key": "r1",
                            }
                          }
                          rowHeight={48}
                          theme="test"
                        >
                          <div
                            className="cell-content"
                            onBlur={[Function]}
                            onClick={[Function]}
                            style={
                              Object {
                                "height": "46px",
                              }
                            }
                            tabIndex={-1}
                          />
                        </DateCell>
                      </td>
                      <td
                        className="grid-cell an-rc-date"
                        data-info="r1/2018-09-24"
                        key="r1/2018-09-24"
                        onDoubleClick={[Function]}
                      >
                        <DateCell
                          date={
                            Object {
                              "key": "2018-09-24",
                              "value": "2018-09-24T05:00:00.000Z",
                            }
                          }
                          eventOrder="title"
                          exclusiveMode={false}
                          onEventOpen={[Function]}
                          resource={
                            Object {
                              "dates": Object {},
                              "events": Array [],
                              "id": "r1",
                              "key": "r1",
                            }
                          }
                          rowHeight={48}
                          theme="test"
                        >
                          <div
                            className="cell-content"
                            onBlur={[Function]}
                            onClick={[Function]}
                            style={
                              Object {
                                "height": "46px",
                              }
                            }
                            tabIndex={-1}
                          />
                        </DateCell>
                      </td>
                      <td
                        className="grid-cell an-rc-date"
                        data-info="r1/2018-09-25"
                        key="r1/2018-09-25"
                        onDoubleClick={[Function]}
                      >
                        <DateCell
                          date={
                            Object {
                              "key": "2018-09-25",
                              "value": "2018-09-25T05:00:00.000Z",
                            }
                          }
                          eventOrder="title"
                          exclusiveMode={false}
                          onEventOpen={[Function]}
                          resource={
                            Object {
                              "dates": Object {},
                              "events": Array [],
                              "id": "r1",
                              "key": "r1",
                            }
                          }
                          rowHeight={48}
                          theme="test"
                        >
                          <div
                            className="cell-content"
                            onBlur={[Function]}
                            onClick={[Function]}
                            style={
                              Object {
                                "height": "46px",
                              }
                            }
                            tabIndex={-1}
                          />
                        </DateCell>
                      </td>
                      <td
                        className="grid-cell an-rc-date"
                        data-info="r1/2018-09-26"
                        key="r1/2018-09-26"
                        onDoubleClick={[Function]}
                      >
                        <DateCell
                          date={
                            Object {
                              "key": "2018-09-26",
                              "value": "2018-09-26T05:00:00.000Z",
                            }
                          }
                          eventOrder="title"
                          exclusiveMode={false}
                          onEventOpen={[Function]}
                          resource={
                            Object {
                              "dates": Object {},
                              "events": Array [],
                              "id": "r1",
                              "key": "r1",
                            }
                          }
                          rowHeight={48}
                          theme="test"
                        >
                          <div
                            className="cell-content"
                            onBlur={[Function]}
                            onClick={[Function]}
                            style={
                              Object {
                                "height": "46px",
                              }
                            }
                            tabIndex={-1}
                          />
                        </DateCell>
                      </td>
                      <td
                        className="grid-cell an-rc-date"
                        data-info="r1/2018-09-27"
                        key="r1/2018-09-27"
                        onDoubleClick={[Function]}
                      >
                        <DateCell
                          date={
                            Object {
                              "key": "2018-09-27",
                              "value": "2018-09-27T05:00:00.000Z",
                            }
                          }
                          eventOrder="title"
                          exclusiveMode={false}
                          onEventOpen={[Function]}
                          resource={
                            Object {
                              "dates": Object {},
                              "events": Array [],
                              "id": "r1",
                              "key": "r1",
                            }
                          }
                          rowHeight={48}
                          theme="test"
                        >
                          <div
                            className="cell-content"
                            onBlur={[Function]}
                            onClick={[Function]}
                            style={
                              Object {
                                "height": "46px",
                              }
                            }
                            tabIndex={-1}
                          />
                        </DateCell>
                      </td>
                      <td
                        className="grid-cell an-rc-date"
                        data-info="r1/2018-09-28"
                        key="r1/2018-09-28"
                        onDoubleClick={[Function]}
                      >
                        <DateCell
                          date={
                            Object {
                              "key": "2018-09-28",
                              "value": "2018-09-28T05:00:00.000Z",
                            }
                          }
                          eventOrder="title"
                          exclusiveMode={false}
                          onEventOpen={[Function]}
                          resource={
                            Object {
                              "dates": Object {},
                              "events": Array [],
                              "id": "r1",
                              "key": "r1",
                            }
                          }
                          rowHeight={48}
                          theme="test"
                        >
                          <div
                            className="cell-content"
                            onBlur={[Function]}
                            onClick={[Function]}
                            style={
                              Object {
                                "height": "46px",
                              }
                            }
                            tabIndex={-1}
                          />
                        </DateCell>
                      </td>
                      <td
                        className="grid-cell an-rc-date weekend"
                        data-info="r1/2018-09-29"
                        key="r1/2018-09-29"
                        onDoubleClick={[Function]}
                      >
                        <DateCell
                          date={
                            Object {
                              "key": "2018-09-29",
                              "value": "2018-09-29T05:00:00.000Z",
                            }
                          }
                          eventOrder="title"
                          exclusiveMode={false}
                          onEventOpen={[Function]}
                          resource={
                            Object {
                              "dates": Object {},
                              "events": Array [],
                              "id": "r1",
                              "key": "r1",
                            }
                          }
                          rowHeight={48}
                          theme="test"
                        >
                          <div
                            className="cell-content"
                            onBlur={[Function]}
                            onClick={[Function]}
                            style={
                              Object {
                                "height": "46px",
                              }
                            }
                            tabIndex={-1}
                          />
                        </DateCell>
                      </td>
                      <td
                        className="grid-cell an-rc-date weekend is-sunday"
                        data-info="r1/2018-09-30"
                        key="r1/2018-09-30"
                        onDoubleClick={[Function]}
                      >
                        <DateCell
                          date={
                            Object {
                              "key": "2018-09-30",
                              "value": "2018-09-30T05:00:00.000Z",
                            }
                          }
                          eventOrder="title"
                          exclusiveMode={false}
                          onEventOpen={[Function]}
                          resource={
                            Object {
                              "dates": Object {},
                              "events": Array [],
                              "id": "r1",
                              "key": "r1",
                            }
                          }
                          rowHeight={48}
                          theme="test"
                        >
                          <div
                            className="cell-content"
                            onBlur={[Function]}
                            onClick={[Function]}
                            style={
                              Object {
                                "height": "46px",
                              }
                            }
                            tabIndex={-1}
                          />
                        </DateCell>
                      </td>
                    </tr>
                  </tbody>
                </table>
              </Content>
            </div>
          </ScrollerPane>
        </div>
      </div>
    </div>
  </Scroller>
</View>
`;
