// Jest Snapshot v1, https://goo.gl/fbAQLP

exports[`components/InputMask/InputMask.jsx basic usage 1`] = `
<InputMask
  allowPromptAsInput={false}
  hidePromptOnLeave={false}
  mask=""
  passwordChar="*"
  passwordMode={false}
  promptChar="_"
  size="sm"
>
  <div
    className="an-input-mask input-group buttons-0 input-group--sm"
  >
    <input
      className="input input-group__field textalign-left input__field"
      onBlur={[Function]}
      onChange={[Function]}
      onDragEnter={[Function]}
      onDragOver={[Function]}
      onDrop={[Function]}
      onFocus={[Function]}
      onKeyDown={[Function]}
      onKeyPress={[Function]}
      onKeyUp={[Function]}
      onMouseUp={[Function]}
      onPaste={[Function]}
      type="text"
    />
  </div>
</InputMask>
`;

exports[`components/InputMask/InputMask.jsx basic usage 2`] = `
<InputMask
  allowPromptAsInput={false}
  hidePromptOnLeave={false}
  mask=""
  passwordChar="*"
  passwordMode={false}
  promptChar="_"
  size="sm"
>
  <div
    className="an-input-mask input-group buttons-0 input-group--sm"
  >
    <input
      className="input input-group__field textalign-left input__field"
      onBlur={[Function]}
      onChange={[Function]}
      onDragEnter={[Function]}
      onDragOver={[Function]}
      onDrop={[Function]}
      onFocus={[Function]}
      onKeyDown={[Function]}
      onKeyPress={[Function]}
      onKeyUp={[Function]}
      onMouseUp={[Function]}
      onPaste={[Function]}
      type="text"
    />
  </div>
</InputMask>
`;

exports[`components/InputMask/InputMask.jsx basic usage 3`] = `
<InputMask
  allowPromptAsInput={false}
  hidePromptOnLeave={false}
  mask=""
  passwordChar="*"
  passwordMode={false}
  promptChar="_"
  size="sm"
>
  <div
    className="an-input-mask input-group buttons-0 input-group--sm"
  >
    <input
      className="input input-group__field textalign-left input__field"
      onBlur={[Function]}
      onChange={[Function]}
      onDragEnter={[Function]}
      onDragOver={[Function]}
      onDrop={[Function]}
      onFocus={[Function]}
      onKeyDown={[Function]}
      onKeyPress={[Function]}
      onKeyUp={[Function]}
      onMouseUp={[Function]}
      onPaste={[Function]}
      type="text"
    />
  </div>
</InputMask>
`;
