// Jest Snapshot v1, https://goo.gl/fbAQLP

exports[`should render right thing and don't change unexpected 1`] = `
<div
  className="date-picker"
  style={undefined}
>
  <div
    className="input-group input-group--m"
    style={undefined}
  >
    <input
      className="input input-group__field"
      defaultValue="12/17/1995"
      disabled={undefined}
      name={undefined}
      onBlur={[Function]}
      onChange={[Function]}
      onClick={[Function]}
      onFocus={[Function]}
      onInput={[Function]}
      placeholder={undefined}
      type="text"
    />
  </div>
  <div
    className="date-picker__calendar u-hidden"
    onMouseDown={[Function]}
  >
    <header
      className="date-picker__header"
    >
      <span
        className="icon-chevron-left date-picker__left-arrow"
        onClick={[Function]}
        title="Previous month"
      />
      <span
        className="icon-chevron-right date-picker__right-arrow"
        onClick={[Function]}
        title="Next month"
      />
      <div
        className="date-picker__calendar-title"
      >
        <strong>
          December 1995
        </strong>
      </div>
    </header>
    <table
      className="date-picker__table"
    >
      <thead>
        <tr>
          <th
            title="Sunday"
          >
            S
          </th>
          <th
            title="Monday"
          >
            M
          </th>
          <th
            title="Tuesday"
          >
            T
          </th>
          <th
            title="Wednesday"
          >
            W
          </th>
          <th
            title="Thursday"
          >
            T
          </th>
          <th
            title="Friday"
          >
            F
          </th>
          <th
            title="Saturday"
          >
            S
          </th>
        </tr>
      </thead>
      <tbody>
        <tr>
          <td
            className="date-picker--other-month"
            onClick={[Function]}
          >
            26
          </td>
          <td
            className="date-picker--other-month"
            onClick={[Function]}
          >
            27
          </td>
          <td
            className="date-picker--other-month"
            onClick={[Function]}
          >
            28
          </td>
          <td
            className="date-picker--other-month"
            onClick={[Function]}
          >
            29
          </td>
          <td
            className="date-picker--other-month"
            onClick={[Function]}
          >
            30
          </td>
          <td
            className=""
            onClick={[Function]}
          >
            1
          </td>
          <td
            className=""
            onClick={[Function]}
          >
            2
          </td>
        </tr>
        <tr>
          <td
            className=""
            onClick={[Function]}
          >
            3
          </td>
          <td
            className=""
            onClick={[Function]}
          >
            4
          </td>
          <td
            className=""
            onClick={[Function]}
          >
            5
          </td>
          <td
            className=""
            onClick={[Function]}
          >
            6
          </td>
          <td
            className=""
            onClick={[Function]}
          >
            7
          </td>
          <td
            className=""
            onClick={[Function]}
          >
            8
          </td>
          <td
            className=""
            onClick={[Function]}
          >
            9
          </td>
        </tr>
        <tr>
          <td
            className=""
            onClick={[Function]}
          >
            10
          </td>
          <td
            className=""
            onClick={[Function]}
          >
            11
          </td>
          <td
            className=""
            onClick={[Function]}
          >
            12
          </td>
          <td
            className=""
            onClick={[Function]}
          >
            13
          </td>
          <td
            className=""
            onClick={[Function]}
          >
            14
          </td>
          <td
            className=""
            onClick={[Function]}
          >
            15
          </td>
          <td
            className=""
            onClick={[Function]}
          >
            16
          </td>
        </tr>
        <tr>
          <td
            className="date-picker--today date-picker--selected"
            onClick={[Function]}
          >
            17
          </td>
          <td
            className=""
            onClick={[Function]}
          >
            18
          </td>
          <td
            className=""
            onClick={[Function]}
          >
            19
          </td>
          <td
            className=""
            onClick={[Function]}
          >
            20
          </td>
          <td
            className=""
            onClick={[Function]}
          >
            21
          </td>
          <td
            className=""
            onClick={[Function]}
          >
            22
          </td>
          <td
            className=""
            onClick={[Function]}
          >
            23
          </td>
        </tr>
        <tr>
          <td
            className=""
            onClick={[Function]}
          >
            24
          </td>
          <td
            className=""
            onClick={[Function]}
          >
            25
          </td>
          <td
            className=""
            onClick={[Function]}
          >
            26
          </td>
          <td
            className=""
            onClick={[Function]}
          >
            27
          </td>
          <td
            className=""
            onClick={[Function]}
          >
            28
          </td>
          <td
            className=""
            onClick={[Function]}
          >
            29
          </td>
          <td
            className=""
            onClick={[Function]}
          >
            30
          </td>
        </tr>
        <tr>
          <td
            className=""
            onClick={[Function]}
          >
            31
          </td>
          <td
            className="date-picker--other-month"
            onClick={[Function]}
          >
            1
          </td>
          <td
            className="date-picker--other-month"
            onClick={[Function]}
          >
            2
          </td>
          <td
            className="date-picker--other-month"
            onClick={[Function]}
          >
            3
          </td>
          <td
            className="date-picker--other-month"
            onClick={[Function]}
          >
            4
          </td>
          <td
            className="date-picker--other-month"
            onClick={[Function]}
          >
            5
          </td>
          <td
            className="date-picker--other-month"
            onClick={[Function]}
          >
            6
          </td>
        </tr>
      </tbody>
    </table>
  </div>
</div>
`;
