// Jest Snapshot v1, https://goo.gl/fbAQLP

exports[`should render right thing and don't change unexpected 1`] = `
<form
  className="form--horizontal"
  onSubmit={[Function]}
>
  <div
    className="row row-gutter row-align-center row-justify-start form__group form__group--horizontal"
    style={Object {}}
  >
    <div
      className="col col-3 form__label form__label--require"
    >
      <label>
        <span>
          Name
        </span>
      </label>
    </div>
    <div
      className="col col-6 form__control"
    >
      <div
        className="input-group input-group--m"
        style={undefined}
      >
        <input
          className="input input-group__field"
          disabled={undefined}
          label="Name"
          name="name"
          onBlur={[Function]}
          onChange={[Function]}
          onInput={[Function]}
          type="text"
        />
      </div>
    </div>
  </div>
  <div>
    <div
      className="row row-gutter row-align-center row-justify-start form__group form__group--horizontal"
      style={Object {}}
    >
      <div
        className="col col-3 form__label form__label--require"
      >
        <label>
          <span>
            Age
          </span>
        </label>
      </div>
      <div
        className="col col-6 form__control"
      >
        <div
          className="input-group input-group--m"
          style={undefined}
        >
          <input
            className="input input-group__field"
            disabled={undefined}
            label="Age"
            name="age"
            onBlur={[Function]}
            onChange={[Function]}
            onInput={[Function]}
            type="text"
          />
        </div>
      </div>
    </div>
    <div
      className="row row-gutter row-align-center row-justify-start form__group form__group--horizontal"
      style={Object {}}
    >
      <div
        className="col col-3 form__label form__label--require"
      >
        <label>
          <span>
            Sport
          </span>
        </label>
      </div>
      <div
        className="col col-6 form__control"
      >
        <div
          aria-expanded={false}
          className="dropdown dropdown--flat dropdown--m"
          onKeyDown={[Function]}
          onKeyUp={[Function]}
          role="combobox"
          style={undefined}
        >
          <button
            aria-label="Select one..."
            className="dropdown__button collapse"
            onClick={[Function]}
            onMouseDown={[Function]}
            type="button"
          >
            <span
              className="dropdown__button-text"
              role="textbox"
            >
              Select one...
            </span>
            <span
              className="icon-chevron-down"
            />
          </button>
          <div>
            <ul
              className="dropdown__menu"
              onBlur={[Function]}
              onFocus={[Function]}
              onMouseDown={[Function]}
              role="listbox"
              style={
                Object {
                  "maxHeight": undefined,
                }
              }
              tabIndex={0}
            >
              <li
                aria-selected={undefined}
                className={undefined}
                onClick={[Function]}
                role="option"
                tabIndex={0}
              >
                <a>
                  Tennis
                </a>
              </li>
              <li
                aria-selected={undefined}
                className={undefined}
                onClick={[Function]}
                role="option"
                tabIndex={0}
              >
                <a>
                  Basketball
                </a>
              </li>
            </ul>
          </div>
        </div>
      </div>
    </div>
  </div>
  <button
    name="button"
    type="submit"
  >
    Submit
  </button>
</form>
`;
