// Jest Snapshot v1, https://goo.gl/fbAQLP

exports[`More Button should render right thing and don't change unexpected 1`] = `
<div
  aria-expanded={false}
  className="dropdown dropdown--with-search dropdown--flat dropdown--m more-button dropdown--with-search"
  onKeyDown={[Function]}
  onKeyUp={[Function]}
  role="combobox"
  style={undefined}
>
  <button
    aria-label="Actions"
    className="dropdown__button"
    onClick={[Function]}
    onMouseDown={[Function]}
    type="button"
  >
    <span
      className="dropdown__button-text"
      role="textbox"
    >
      Actions
    </span>
    <span
      className="icon-caret-down"
    />
  </button>
  <div>
    <ul
      className="dropdown__menu"
      onBlur={[Function]}
      onFocus={[Function]}
      onMouseDown={[Function]}
      role="listbox"
      style={
        Object {
          "maxHeight": undefined,
        }
      }
      tabIndex={0}
    >
      <li>
        <div
          className="dropdown__menu__search-box"
        >
          <i
            className="icon-search"
          />
          <input
            aria-label="Search"
            autoComplete="off"
            className="input"
            onChange={[Function]}
            onKeyDown={[Function]}
            placeholder="Search..."
            role="textbox"
            type="text"
          />
        </div>
      </li>
      <li
        className="dropdown__menu-divider"
        role="separator"
      />
      <li
        aria-selected={undefined}
        className={undefined}
        onClick={[Function]}
        role="option"
        tabIndex={0}
      >
        <a>
          first item
        </a>
      </li>
      <li
        aria-selected={undefined}
        className={undefined}
        onClick={[Function]}
        role="option"
        tabIndex={0}
      >
        <a>
          second item
        </a>
      </li>
      <li
        aria-selected={undefined}
        className={undefined}
        onClick={[Function]}
        role="option"
        tabIndex={0}
      >
        <a>
          third item
        </a>
      </li>
    </ul>
  </div>
</div>
`;
