// Jest Snapshot v1, https://goo.gl/fbAQLP

exports[`shared/components/CancelPermit CancelPermit component should render correctly. 1`] = `
<CancelPermit
  className="cancelPermit"
  disabled={false}
  display={true}
  getCancelPermitPermissionAsyncAction={[Function]}
  gotoRefundDepositFeesPageAction={[Function]}
  gotoReservationDetailPageAction={[Function]}
  onCancelPermit={[Function]}
  onCancelPermitWithoutRefund={[Function]}
  onCancelPermitWithoutRefundPermission={[Function]}
  permitID={1}
  permitNumber={1}
  permitWording="permit"
>
  <Button
    className="cancelPermit"
    disabled={false}
    display={true}
    getCancelPermitPermissionAsyncAction={[Function]}
    gotoRefundDepositFeesPageAction={[Function]}
    gotoReservationDetailPageAction={[Function]}
    loading={false}
    menuData={Array []}
    noSubmit={false}
    onCancelPermit={[Function]}
    onCancelPermitWithoutRefund={[Function]}
    onCancelPermitWithoutRefundPermission={[Function]}
    onClick={[Function]}
    permitID={1}
    permitNumber={1}
    type="secondary"
  >
    <button
      className="btn btn-secondary cancelPermit"
      disabled={false}
      display={true}
      getCancelPermitPermissionAsyncAction={[Function]}
      gotoRefundDepositFeesPageAction={[Function]}
      gotoReservationDetailPageAction={[Function]}
      onCancelPermit={[Function]}
      onCancelPermitWithoutRefund={[Function]}
      onCancelPermitWithoutRefundPermission={[Function]}
      onClick={[Function]}
      onMouseEnter={[Function]}
      onMouseLeave={[Function]}
      onMouseOver={[Function]}
      permitID={1}
      permitNumber={1}
      type="submit"
    >
      <span>
        Cancel 
        permit
      </span>
    </button>
  </Button>
</CancelPermit>
`;
