// Jest Snapshot v1, https://goo.gl/fbAQLP

exports[`should call \`onChange\` when submitting Form with errors 1`] = `
<form
  className="form--horizontal"
  onSubmit={[Function]}
>
  <div>
    <div>
      <div
        className="row row-gutter row-align-center row-justify-start form__group form__group--horizontal"
        style={Object {}}
      >
        <div
          className="col col-3 form__label form__label--require"
        >
          <label>
            <span>
              Country
            </span>
          </label>
        </div>
        <div
          className="col col-6 form__control"
        >
          <div
            aria-expanded={false}
            className="dropdown dropdown--flat dropdown--m"
            onKeyDown={[Function]}
            onKeyUp={[Function]}
            role="combobox"
            style={undefined}
          >
            <button
              aria-label="United States"
              className="dropdown__button collapse"
              onClick={[Function]}
              onMouseDown={[Function]}
              type="button"
            >
              <span
                className="dropdown__button-text"
                role="textbox"
              >
                United States
              </span>
              <span
                className="icon-chevron-down"
              />
            </button>
            <div>
              <ul
                className="dropdown__menu"
                onBlur={[Function]}
                onFocus={[Function]}
                onMouseDown={[Function]}
                role="listbox"
                style={
                  Object {
                    "maxHeight": "320px",
                  }
                }
                tabIndex={0}
              >
                <li
                  aria-selected={undefined}
                  className={undefined}
                  onClick={[Function]}
                  role="option"
                  tabIndex={0}
                >
                  <a>
                    United States
                  </a>
                </li>
                <li
                  aria-selected={undefined}
                  className={undefined}
                  onClick={[Function]}
                  role="option"
                  tabIndex={0}
                >
                  <a>
                    Canada
                  </a>
                </li>
                <li
                  aria-selected={undefined}
                  className={undefined}
                  onClick={[Function]}
                  role="option"
                  tabIndex={0}
                >
                  <a>
                    Indonesia
                  </a>
                </li>
                <li
                  aria-selected={undefined}
                  className={undefined}
                  onClick={[Function]}
                  role="option"
                  tabIndex={0}
                >
                  <a>
                    
                  </a>
                </li>
              </ul>
            </div>
          </div>
        </div>
      </div>
      <div
        className="row row-gutter row-align-center row-justify-start form__group form__group--horizontal"
        style={Object {}}
      >
        <div
          className="col col-3 form__label form__label--require"
        >
          <label>
            <span>
              Address
            </span>
          </label>
        </div>
        <div
          className="col col-6 form__control"
        >
          <div
            className="input-group input-group--m"
            style={undefined}
          >
            <input
              className="input input-group__field"
              disabled={undefined}
              label="addressForm.addressField.US.line1"
              name="line1"
              onBlur={[Function]}
              onChange={[Function]}
              onInput={[Function]}
              type="text"
              value=""
            />
          </div>
        </div>
      </div>
      <div
        className="row row-gutter row-align-center row-justify-start form__group form__group--horizontal"
        style={Object {}}
      >
        <div
          className="col col-3 form__label"
        >
          <label>
            <span>
              Address line 2
            </span>
          </label>
        </div>
        <div
          className="col col-6 form__control"
        >
          <div
            className="input-group input-group--m"
            style={undefined}
          >
            <input
              className="input input-group__field"
              disabled={undefined}
              label="addressForm.addressField.US.line2"
              name="line2"
              onBlur={[Function]}
              onChange={[Function]}
              onInput={[Function]}
              type="text"
              value="line2"
            />
          </div>
        </div>
      </div>
      <div
        className="row row-gutter row-align-center row-justify-start form__group form__group--horizontal"
        style={Object {}}
      >
        <div
          className="col col-3 form__label form__label--require"
        >
          <label>
            <span>
              City
            </span>
          </label>
        </div>
        <div
          className="col col-6 form__control"
        >
          <div
            className="input-group input-group--m"
            style={undefined}
          >
            <input
              className="input input-group__field"
              disabled={undefined}
              label="addressForm.addressField.US.city"
              name="city"
              onBlur={[Function]}
              onChange={[Function]}
              onInput={[Function]}
              type="text"
              value="city"
            />
          </div>
        </div>
      </div>
      <div
        className="row row-gutter row-align-center row-justify-start form__group form__group--horizontal"
        style={Object {}}
      >
        <div
          className="col col-3 form__label form__label--require"
        >
          <label>
            <span>
              State
            </span>
          </label>
        </div>
        <div
          className="col col-6 form__control"
        >
          <div
            aria-expanded={false}
            className="dropdown dropdown--flat dropdown--m"
            onKeyDown={[Function]}
            onKeyUp={[Function]}
            role="combobox"
            style={undefined}
          >
            <button
              aria-label="AA - Armed Forces Americas"
              className="dropdown__button collapse"
              onClick={[Function]}
              onMouseDown={[Function]}
              type="button"
            >
              <span
                className="dropdown__button-text"
                role="textbox"
              >
                AA - Armed Forces Americas
              </span>
              <span
                className="icon-chevron-down"
              />
            </button>
            <div>
              <ul
                className="dropdown__menu"
                onBlur={[Function]}
                onFocus={[Function]}
                onMouseDown={[Function]}
                role="listbox"
                style={
                  Object {
                    "maxHeight": "320px",
                  }
                }
                tabIndex={0}
              >
                <li
                  aria-selected={undefined}
                  className={undefined}
                  onClick={[Function]}
                  role="option"
                  tabIndex={0}
                >
                  <a>
                    APO - Army/Air Force Post Office
                  </a>
                </li>
                <li
                  aria-selected={undefined}
                  className={undefined}
                  onClick={[Function]}
                  role="option"
                  tabIndex={0}
                >
                  <a>
                    AE - Armed Forces Europe
                  </a>
                </li>
                <li
                  aria-selected={undefined}
                  className={undefined}
                  onClick={[Function]}
                  role="option"
                  tabIndex={0}
                >
                  <a>
                    AP - Armed Forces Pacific
                  </a>
                </li>
                <li
                  aria-selected={undefined}
                  className={undefined}
                  onClick={[Function]}
                  role="option"
                  tabIndex={0}
                >
                  <a>
                    AA - Armed Forces Americas
                  </a>
                </li>
                <li
                  aria-selected={undefined}
                  className={undefined}
                  onClick={[Function]}
                  role="option"
                  tabIndex={0}
                >
                  <a>
                    Alabama
                  </a>
                </li>
                <li
                  aria-selected={undefined}
                  className={undefined}
                  onClick={[Function]}
                  role="option"
                  tabIndex={0}
                >
                  <a>
                    Alaska
                  </a>
                </li>
                <li
                  aria-selected={undefined}
                  className={undefined}
                  onClick={[Function]}
                  role="option"
                  tabIndex={0}
                >
                  <a>
                    American Samoa
                  </a>
                </li>
                <li
                  aria-selected={undefined}
                  className={undefined}
                  onClick={[Function]}
                  role="option"
                  tabIndex={0}
                >
                  <a>
                    Arizona
                  </a>
                </li>
                <li
                  aria-selected={undefined}
                  className={undefined}
                  onClick={[Function]}
                  role="option"
                  tabIndex={0}
                >
                  <a>
                    Arkansas
                  </a>
                </li>
                <li
                  aria-selected={undefined}
                  className={undefined}
                  onClick={[Function]}
                  role="option"
                  tabIndex={0}
                >
                  <a>
                    California
                  </a>
                </li>
                <li
                  aria-selected={undefined}
                  className={undefined}
                  onClick={[Function]}
                  role="option"
                  tabIndex={0}
                >
                  <a>
                    Colorado
                  </a>
                </li>
                <li
                  aria-selected={undefined}
                  className={undefined}
                  onClick={[Function]}
                  role="option"
                  tabIndex={0}
                >
                  <a>
                    Connecticut
                  </a>
                </li>
                <li
                  aria-selected={undefined}
                  className={undefined}
                  onClick={[Function]}
                  role="option"
                  tabIndex={0}
                >
                  <a>
                    Delaware
                  </a>
                </li>
                <li
                  aria-selected={undefined}
                  className={undefined}
                  onClick={[Function]}
                  role="option"
                  tabIndex={0}
                >
                  <a>
                    District of Columbia
                  </a>
                </li>
                <li
                  aria-selected={undefined}
                  className={undefined}
                  onClick={[Function]}
                  role="option"
                  tabIndex={0}
                >
                  <a>
                    FPO - Fleet Post Office or Federal Post Office
                  </a>
                </li>
                <li
                  aria-selected={undefined}
                  className={undefined}
                  onClick={[Function]}
                  role="option"
                  tabIndex={0}
                >
                  <a>
                    Florida
                  </a>
                </li>
                <li
                  aria-selected={undefined}
                  className={undefined}
                  onClick={[Function]}
                  role="option"
                  tabIndex={0}
                >
                  <a>
                    Federated States of Micronesia
                  </a>
                </li>
                <li
                  aria-selected={undefined}
                  className={undefined}
                  onClick={[Function]}
                  role="option"
                  tabIndex={0}
                >
                  <a>
                    Georgia
                  </a>
                </li>
                <li
                  aria-selected={undefined}
                  className={undefined}
                  onClick={[Function]}
                  role="option"
                  tabIndex={0}
                >
                  <a>
                    Guam
                  </a>
                </li>
                <li
                  aria-selected={undefined}
                  className={undefined}
                  onClick={[Function]}
                  role="option"
                  tabIndex={0}
                >
                  <a>
                    Hawaii
                  </a>
                </li>
                <li
                  aria-selected={undefined}
                  className={undefined}
                  onClick={[Function]}
                  role="option"
                  tabIndex={0}
                >
                  <a>
                    Idaho
                  </a>
                </li>
                <li
                  aria-selected={undefined}
                  className={undefined}
                  onClick={[Function]}
                  role="option"
                  tabIndex={0}
                >
                  <a>
                    Illinois
                  </a>
                </li>
                <li
                  aria-selected={undefined}
                  className={undefined}
                  onClick={[Function]}
                  role="option"
                  tabIndex={0}
                >
                  <a>
                    Indiana
                  </a>
                </li>
                <li
                  aria-selected={undefined}
                  className={undefined}
                  onClick={[Function]}
                  role="option"
                  tabIndex={0}
                >
                  <a>
                    Iowa
                  </a>
                </li>
                <li
                  aria-selected={undefined}
                  className={undefined}
                  onClick={[Function]}
                  role="option"
                  tabIndex={0}
                >
                  <a>
                    Kansas
                  </a>
                </li>
                <li
                  aria-selected={undefined}
                  className={undefined}
                  onClick={[Function]}
                  role="option"
                  tabIndex={0}
                >
                  <a>
                    Kentucky
                  </a>
                </li>
                <li
                  aria-selected={undefined}
                  className={undefined}
                  onClick={[Function]}
                  role="option"
                  tabIndex={0}
                >
                  <a>
                    Louisiana
                  </a>
                </li>
                <li
                  aria-selected={undefined}
                  className={undefined}
                  onClick={[Function]}
                  role="option"
                  tabIndex={0}
                >
                  <a>
                    Maine
                  </a>
                </li>
                <li
                  aria-selected={undefined}
                  className={undefined}
                  onClick={[Function]}
                  role="option"
                  tabIndex={0}
                >
                  <a>
                    Maryland
                  </a>
                </li>
                <li
                  aria-selected={undefined}
                  className={undefined}
                  onClick={[Function]}
                  role="option"
                  tabIndex={0}
                >
                  <a>
                    Massachusetts
                  </a>
                </li>
                <li
                  aria-selected={undefined}
                  className={undefined}
                  onClick={[Function]}
                  role="option"
                  tabIndex={0}
                >
                  <a>
                    Marshall Islands
                  </a>
                </li>
                <li
                  aria-selected={undefined}
                  className={undefined}
                  onClick={[Function]}
                  role="option"
                  tabIndex={0}
                >
                  <a>
                    Michigan
                  </a>
                </li>
                <li
                  aria-selected={undefined}
                  className={undefined}
                  onClick={[Function]}
                  role="option"
                  tabIndex={0}
                >
                  <a>
                    Minnesota
                  </a>
                </li>
                <li
                  aria-selected={undefined}
                  className={undefined}
                  onClick={[Function]}
                  role="option"
                  tabIndex={0}
                >
                  <a>
                    Northern Mariana Islands
                  </a>
                </li>
                <li
                  aria-selected={undefined}
                  className={undefined}
                  onClick={[Function]}
                  role="option"
                  tabIndex={0}
                >
                  <a>
                    Mississippi
                  </a>
                </li>
                <li
                  aria-selected={undefined}
                  className={undefined}
                  onClick={[Function]}
                  role="option"
                  tabIndex={0}
                >
                  <a>
                    Missouri
                  </a>
                </li>
                <li
                  aria-selected={undefined}
                  className={undefined}
                  onClick={[Function]}
                  role="option"
                  tabIndex={0}
                >
                  <a>
                    Montana
                  </a>
                </li>
                <li
                  aria-selected={undefined}
                  className={undefined}
                  onClick={[Function]}
                  role="option"
                  tabIndex={0}
                >
                  <a>
                    Nebraska
                  </a>
                </li>
                <li
                  aria-selected={undefined}
                  className={undefined}
                  onClick={[Function]}
                  role="option"
                  tabIndex={0}
                >
                  <a>
                    Nevada
                  </a>
                </li>
                <li
                  aria-selected={undefined}
                  className={undefined}
                  onClick={[Function]}
                  role="option"
                  tabIndex={0}
                >
                  <a>
                    New Hampshire
                  </a>
                </li>
                <li
                  aria-selected={undefined}
                  className={undefined}
                  onClick={[Function]}
                  role="option"
                  tabIndex={0}
                >
                  <a>
                    New Jersey
                  </a>
                </li>
                <li
                  aria-selected={undefined}
                  className={undefined}
                  onClick={[Function]}
                  role="option"
                  tabIndex={0}
                >
                  <a>
                    New Mexico
                  </a>
                </li>
                <li
                  aria-selected={undefined}
                  className={undefined}
                  onClick={[Function]}
                  role="option"
                  tabIndex={0}
                >
                  <a>
                    New York
                  </a>
                </li>
                <li
                  aria-selected={undefined}
                  className={undefined}
                  onClick={[Function]}
                  role="option"
                  tabIndex={0}
                >
                  <a>
                    North Carolina
                  </a>
                </li>
                <li
                  aria-selected={undefined}
                  className={undefined}
                  onClick={[Function]}
                  role="option"
                  tabIndex={0}
                >
                  <a>
                    North Dakota
                  </a>
                </li>
                <li
                  aria-selected={undefined}
                  className={undefined}
                  onClick={[Function]}
                  role="option"
                  tabIndex={0}
                >
                  <a>
                    Ohio
                  </a>
                </li>
                <li
                  aria-selected={undefined}
                  className={undefined}
                  onClick={[Function]}
                  role="option"
                  tabIndex={0}
                >
                  <a>
                    Oklahoma
                  </a>
                </li>
                <li
                  aria-selected={undefined}
                  className={undefined}
                  onClick={[Function]}
                  role="option"
                  tabIndex={0}
                >
                  <a>
                    Oregon
                  </a>
                </li>
                <li
                  aria-selected={undefined}
                  className={undefined}
                  onClick={[Function]}
                  role="option"
                  tabIndex={0}
                >
                  <a>
                    Pennsylvania
                  </a>
                </li>
                <li
                  aria-selected={undefined}
                  className={undefined}
                  onClick={[Function]}
                  role="option"
                  tabIndex={0}
                >
                  <a>
                    Puerto Rico
                  </a>
                </li>
                <li
                  aria-selected={undefined}
                  className={undefined}
                  onClick={[Function]}
                  role="option"
                  tabIndex={0}
                >
                  <a>
                    Palau
                  </a>
                </li>
                <li
                  aria-selected={undefined}
                  className={undefined}
                  onClick={[Function]}
                  role="option"
                  tabIndex={0}
                >
                  <a>
                    Rhode Island
                  </a>
                </li>
                <li
                  aria-selected={undefined}
                  className={undefined}
                  onClick={[Function]}
                  role="option"
                  tabIndex={0}
                >
                  <a>
                    South Carolina
                  </a>
                </li>
                <li
                  aria-selected={undefined}
                  className={undefined}
                  onClick={[Function]}
                  role="option"
                  tabIndex={0}
                >
                  <a>
                    South Dakota
                  </a>
                </li>
                <li
                  aria-selected={undefined}
                  className={undefined}
                  onClick={[Function]}
                  role="option"
                  tabIndex={0}
                >
                  <a>
                    Tennessee
                  </a>
                </li>
                <li
                  aria-selected={undefined}
                  className={undefined}
                  onClick={[Function]}
                  role="option"
                  tabIndex={0}
                >
                  <a>
                    Texas
                  </a>
                </li>
                <li
                  aria-selected={undefined}
                  className={undefined}
                  onClick={[Function]}
                  role="option"
                  tabIndex={0}
                >
                  <a>
                    Utah
                  </a>
                </li>
                <li
                  aria-selected={undefined}
                  className={undefined}
                  onClick={[Function]}
                  role="option"
                  tabIndex={0}
                >
                  <a>
                    Vermont
                  </a>
                </li>
                <li
                  aria-selected={undefined}
                  className={undefined}
                  onClick={[Function]}
                  role="option"
                  tabIndex={0}
                >
                  <a>
                    Virginia
                  </a>
                </li>
                <li
                  aria-selected={undefined}
                  className={undefined}
                  onClick={[Function]}
                  role="option"
                  tabIndex={0}
                >
                  <a>
                    Virgin Islands
                  </a>
                </li>
                <li
                  aria-selected={undefined}
                  className={undefined}
                  onClick={[Function]}
                  role="option"
                  tabIndex={0}
                >
                  <a>
                    Washington
                  </a>
                </li>
                <li
                  aria-selected={undefined}
                  className={undefined}
                  onClick={[Function]}
                  role="option"
                  tabIndex={0}
                >
                  <a>
                    West Virginia
                  </a>
                </li>
                <li
                  aria-selected={undefined}
                  className={undefined}
                  onClick={[Function]}
                  role="option"
                  tabIndex={0}
                >
                  <a>
                    Wisconsin
                  </a>
                </li>
                <li
                  aria-selected={undefined}
                  className={undefined}
                  onClick={[Function]}
                  role="option"
                  tabIndex={0}
                >
                  <a>
                    Wyoming
                  </a>
                </li>
              </ul>
            </div>
          </div>
        </div>
      </div>
      <div
        className="row row-gutter row-align-center row-justify-start form__group form__group--horizontal"
        style={Object {}}
      >
        <div
          className="col col-3 form__label form__label--require"
        >
          <label>
            <span>
              ZIP
            </span>
          </label>
        </div>
        <div
          className="col col-6 form__control"
        >
          <div
            className="input-group input-group--m"
            style={undefined}
          >
            <input
              className="input input-group__field"
              disabled={undefined}
              label="addressForm.addressField.US.postalCode"
              name="postalCode"
              onBlur={[Function]}
              onChange={[Function]}
              onInput={[Function]}
              type="postalCode"
              value="12345"
            />
          </div>
        </div>
      </div>
    </div>
  </div>
  <button
    className="btn btn-secondary"
    type="submit"
  >
    <span>
      Submit
    </span>
  </button>
</form>
`;

exports[`should not call \`onChange\` when submitting Form correctly 1`] = `
<form
  className="form--horizontal"
  onSubmit={[Function]}
>
  <div>
    <div>
      <div
        className="row row-gutter row-align-center row-justify-start form__group form__group--horizontal"
        style={Object {}}
      >
        <div
          className="col col-3 form__label form__label--require"
        >
          <label>
            <span>
              Country
            </span>
          </label>
        </div>
        <div
          className="col col-6 form__control"
        >
          <div
            aria-expanded={false}
            className="dropdown dropdown--flat dropdown--m"
            onKeyDown={[Function]}
            onKeyUp={[Function]}
            role="combobox"
            style={undefined}
          >
            <button
              aria-label="United States"
              className="dropdown__button collapse"
              onClick={[Function]}
              onMouseDown={[Function]}
              type="button"
            >
              <span
                className="dropdown__button-text"
                role="textbox"
              >
                United States
              </span>
              <span
                className="icon-chevron-down"
              />
            </button>
            <div>
              <ul
                className="dropdown__menu"
                onBlur={[Function]}
                onFocus={[Function]}
                onMouseDown={[Function]}
                role="listbox"
                style={
                  Object {
                    "maxHeight": "320px",
                  }
                }
                tabIndex={0}
              >
                <li
                  aria-selected={undefined}
                  className={undefined}
                  onClick={[Function]}
                  role="option"
                  tabIndex={0}
                >
                  <a>
                    United States
                  </a>
                </li>
                <li
                  aria-selected={undefined}
                  className={undefined}
                  onClick={[Function]}
                  role="option"
                  tabIndex={0}
                >
                  <a>
                    Canada
                  </a>
                </li>
                <li
                  aria-selected={undefined}
                  className={undefined}
                  onClick={[Function]}
                  role="option"
                  tabIndex={0}
                >
                  <a>
                    Indonesia
                  </a>
                </li>
                <li
                  aria-selected={undefined}
                  className={undefined}
                  onClick={[Function]}
                  role="option"
                  tabIndex={0}
                >
                  <a>
                    
                  </a>
                </li>
              </ul>
            </div>
          </div>
        </div>
      </div>
      <div
        className="row row-gutter row-align-center row-justify-start form__group form__group--horizontal"
        style={Object {}}
      >
        <div
          className="col col-3 form__label form__label--require"
        >
          <label>
            <span>
              Address
            </span>
          </label>
        </div>
        <div
          className="col col-6 form__control"
        >
          <div
            className="input-group input-group--m"
            style={undefined}
          >
            <input
              className="input input-group__field"
              disabled={undefined}
              label="addressForm.addressField.US.line1"
              name="line1"
              onBlur={[Function]}
              onChange={[Function]}
              onInput={[Function]}
              type="text"
              value="line1"
            />
          </div>
        </div>
      </div>
      <div
        className="row row-gutter row-align-center row-justify-start form__group form__group--horizontal"
        style={Object {}}
      >
        <div
          className="col col-3 form__label"
        >
          <label>
            <span>
              Address line 2
            </span>
          </label>
        </div>
        <div
          className="col col-6 form__control"
        >
          <div
            className="input-group input-group--m"
            style={undefined}
          >
            <input
              className="input input-group__field"
              disabled={undefined}
              label="addressForm.addressField.US.line2"
              name="line2"
              onBlur={[Function]}
              onChange={[Function]}
              onInput={[Function]}
              type="text"
              value="line2"
            />
          </div>
        </div>
      </div>
      <div
        className="row row-gutter row-align-center row-justify-start form__group form__group--horizontal"
        style={Object {}}
      >
        <div
          className="col col-3 form__label form__label--require"
        >
          <label>
            <span>
              City
            </span>
          </label>
        </div>
        <div
          className="col col-6 form__control"
        >
          <div
            className="input-group input-group--m"
            style={undefined}
          >
            <input
              className="input input-group__field"
              disabled={undefined}
              label="addressForm.addressField.US.city"
              name="city"
              onBlur={[Function]}
              onChange={[Function]}
              onInput={[Function]}
              type="text"
              value="city"
            />
          </div>
        </div>
      </div>
      <div
        className="row row-gutter row-align-center row-justify-start form__group form__group--horizontal"
        style={Object {}}
      >
        <div
          className="col col-3 form__label form__label--require"
        >
          <label>
            <span>
              State
            </span>
          </label>
        </div>
        <div
          className="col col-6 form__control"
        >
          <div
            aria-expanded={false}
            className="dropdown dropdown--flat dropdown--m"
            onKeyDown={[Function]}
            onKeyUp={[Function]}
            role="combobox"
            style={undefined}
          >
            <button
              aria-label="AA - Armed Forces Americas"
              className="dropdown__button collapse"
              onClick={[Function]}
              onMouseDown={[Function]}
              type="button"
            >
              <span
                className="dropdown__button-text"
                role="textbox"
              >
                AA - Armed Forces Americas
              </span>
              <span
                className="icon-chevron-down"
              />
            </button>
            <div>
              <ul
                className="dropdown__menu"
                onBlur={[Function]}
                onFocus={[Function]}
                onMouseDown={[Function]}
                role="listbox"
                style={
                  Object {
                    "maxHeight": "320px",
                  }
                }
                tabIndex={0}
              >
                <li
                  aria-selected={undefined}
                  className={undefined}
                  onClick={[Function]}
                  role="option"
                  tabIndex={0}
                >
                  <a>
                    APO - Army/Air Force Post Office
                  </a>
                </li>
                <li
                  aria-selected={undefined}
                  className={undefined}
                  onClick={[Function]}
                  role="option"
                  tabIndex={0}
                >
                  <a>
                    AE - Armed Forces Europe
                  </a>
                </li>
                <li
                  aria-selected={undefined}
                  className={undefined}
                  onClick={[Function]}
                  role="option"
                  tabIndex={0}
                >
                  <a>
                    AP - Armed Forces Pacific
                  </a>
                </li>
                <li
                  aria-selected={undefined}
                  className={undefined}
                  onClick={[Function]}
                  role="option"
                  tabIndex={0}
                >
                  <a>
                    AA - Armed Forces Americas
                  </a>
                </li>
                <li
                  aria-selected={undefined}
                  className={undefined}
                  onClick={[Function]}
                  role="option"
                  tabIndex={0}
                >
                  <a>
                    Alabama
                  </a>
                </li>
                <li
                  aria-selected={undefined}
                  className={undefined}
                  onClick={[Function]}
                  role="option"
                  tabIndex={0}
                >
                  <a>
                    Alaska
                  </a>
                </li>
                <li
                  aria-selected={undefined}
                  className={undefined}
                  onClick={[Function]}
                  role="option"
                  tabIndex={0}
                >
                  <a>
                    American Samoa
                  </a>
                </li>
                <li
                  aria-selected={undefined}
                  className={undefined}
                  onClick={[Function]}
                  role="option"
                  tabIndex={0}
                >
                  <a>
                    Arizona
                  </a>
                </li>
                <li
                  aria-selected={undefined}
                  className={undefined}
                  onClick={[Function]}
                  role="option"
                  tabIndex={0}
                >
                  <a>
                    Arkansas
                  </a>
                </li>
                <li
                  aria-selected={undefined}
                  className={undefined}
                  onClick={[Function]}
                  role="option"
                  tabIndex={0}
                >
                  <a>
                    California
                  </a>
                </li>
                <li
                  aria-selected={undefined}
                  className={undefined}
                  onClick={[Function]}
                  role="option"
                  tabIndex={0}
                >
                  <a>
                    Colorado
                  </a>
                </li>
                <li
                  aria-selected={undefined}
                  className={undefined}
                  onClick={[Function]}
                  role="option"
                  tabIndex={0}
                >
                  <a>
                    Connecticut
                  </a>
                </li>
                <li
                  aria-selected={undefined}
                  className={undefined}
                  onClick={[Function]}
                  role="option"
                  tabIndex={0}
                >
                  <a>
                    Delaware
                  </a>
                </li>
                <li
                  aria-selected={undefined}
                  className={undefined}
                  onClick={[Function]}
                  role="option"
                  tabIndex={0}
                >
                  <a>
                    District of Columbia
                  </a>
                </li>
                <li
                  aria-selected={undefined}
                  className={undefined}
                  onClick={[Function]}
                  role="option"
                  tabIndex={0}
                >
                  <a>
                    FPO - Fleet Post Office or Federal Post Office
                  </a>
                </li>
                <li
                  aria-selected={undefined}
                  className={undefined}
                  onClick={[Function]}
                  role="option"
                  tabIndex={0}
                >
                  <a>
                    Florida
                  </a>
                </li>
                <li
                  aria-selected={undefined}
                  className={undefined}
                  onClick={[Function]}
                  role="option"
                  tabIndex={0}
                >
                  <a>
                    Federated States of Micronesia
                  </a>
                </li>
                <li
                  aria-selected={undefined}
                  className={undefined}
                  onClick={[Function]}
                  role="option"
                  tabIndex={0}
                >
                  <a>
                    Georgia
                  </a>
                </li>
                <li
                  aria-selected={undefined}
                  className={undefined}
                  onClick={[Function]}
                  role="option"
                  tabIndex={0}
                >
                  <a>
                    Guam
                  </a>
                </li>
                <li
                  aria-selected={undefined}
                  className={undefined}
                  onClick={[Function]}
                  role="option"
                  tabIndex={0}
                >
                  <a>
                    Hawaii
                  </a>
                </li>
                <li
                  aria-selected={undefined}
                  className={undefined}
                  onClick={[Function]}
                  role="option"
                  tabIndex={0}
                >
                  <a>
                    Idaho
                  </a>
                </li>
                <li
                  aria-selected={undefined}
                  className={undefined}
                  onClick={[Function]}
                  role="option"
                  tabIndex={0}
                >
                  <a>
                    Illinois
                  </a>
                </li>
                <li
                  aria-selected={undefined}
                  className={undefined}
                  onClick={[Function]}
                  role="option"
                  tabIndex={0}
                >
                  <a>
                    Indiana
                  </a>
                </li>
                <li
                  aria-selected={undefined}
                  className={undefined}
                  onClick={[Function]}
                  role="option"
                  tabIndex={0}
                >
                  <a>
                    Iowa
                  </a>
                </li>
                <li
                  aria-selected={undefined}
                  className={undefined}
                  onClick={[Function]}
                  role="option"
                  tabIndex={0}
                >
                  <a>
                    Kansas
                  </a>
                </li>
                <li
                  aria-selected={undefined}
                  className={undefined}
                  onClick={[Function]}
                  role="option"
                  tabIndex={0}
                >
                  <a>
                    Kentucky
                  </a>
                </li>
                <li
                  aria-selected={undefined}
                  className={undefined}
                  onClick={[Function]}
                  role="option"
                  tabIndex={0}
                >
                  <a>
                    Louisiana
                  </a>
                </li>
                <li
                  aria-selected={undefined}
                  className={undefined}
                  onClick={[Function]}
                  role="option"
                  tabIndex={0}
                >
                  <a>
                    Maine
                  </a>
                </li>
                <li
                  aria-selected={undefined}
                  className={undefined}
                  onClick={[Function]}
                  role="option"
                  tabIndex={0}
                >
                  <a>
                    Maryland
                  </a>
                </li>
                <li
                  aria-selected={undefined}
                  className={undefined}
                  onClick={[Function]}
                  role="option"
                  tabIndex={0}
                >
                  <a>
                    Massachusetts
                  </a>
                </li>
                <li
                  aria-selected={undefined}
                  className={undefined}
                  onClick={[Function]}
                  role="option"
                  tabIndex={0}
                >
                  <a>
                    Marshall Islands
                  </a>
                </li>
                <li
                  aria-selected={undefined}
                  className={undefined}
                  onClick={[Function]}
                  role="option"
                  tabIndex={0}
                >
                  <a>
                    Michigan
                  </a>
                </li>
                <li
                  aria-selected={undefined}
                  className={undefined}
                  onClick={[Function]}
                  role="option"
                  tabIndex={0}
                >
                  <a>
                    Minnesota
                  </a>
                </li>
                <li
                  aria-selected={undefined}
                  className={undefined}
                  onClick={[Function]}
                  role="option"
                  tabIndex={0}
                >
                  <a>
                    Northern Mariana Islands
                  </a>
                </li>
                <li
                  aria-selected={undefined}
                  className={undefined}
                  onClick={[Function]}
                  role="option"
                  tabIndex={0}
                >
                  <a>
                    Mississippi
                  </a>
                </li>
                <li
                  aria-selected={undefined}
                  className={undefined}
                  onClick={[Function]}
                  role="option"
                  tabIndex={0}
                >
                  <a>
                    Missouri
                  </a>
                </li>
                <li
                  aria-selected={undefined}
                  className={undefined}
                  onClick={[Function]}
                  role="option"
                  tabIndex={0}
                >
                  <a>
                    Montana
                  </a>
                </li>
                <li
                  aria-selected={undefined}
                  className={undefined}
                  onClick={[Function]}
                  role="option"
                  tabIndex={0}
                >
                  <a>
                    Nebraska
                  </a>
                </li>
                <li
                  aria-selected={undefined}
                  className={undefined}
                  onClick={[Function]}
                  role="option"
                  tabIndex={0}
                >
                  <a>
                    Nevada
                  </a>
                </li>
                <li
                  aria-selected={undefined}
                  className={undefined}
                  onClick={[Function]}
                  role="option"
                  tabIndex={0}
                >
                  <a>
                    New Hampshire
                  </a>
                </li>
                <li
                  aria-selected={undefined}
                  className={undefined}
                  onClick={[Function]}
                  role="option"
                  tabIndex={0}
                >
                  <a>
                    New Jersey
                  </a>
                </li>
                <li
                  aria-selected={undefined}
                  className={undefined}
                  onClick={[Function]}
                  role="option"
                  tabIndex={0}
                >
                  <a>
                    New Mexico
                  </a>
                </li>
                <li
                  aria-selected={undefined}
                  className={undefined}
                  onClick={[Function]}
                  role="option"
                  tabIndex={0}
                >
                  <a>
                    New York
                  </a>
                </li>
                <li
                  aria-selected={undefined}
                  className={undefined}
                  onClick={[Function]}
                  role="option"
                  tabIndex={0}
                >
                  <a>
                    North Carolina
                  </a>
                </li>
                <li
                  aria-selected={undefined}
                  className={undefined}
                  onClick={[Function]}
                  role="option"
                  tabIndex={0}
                >
                  <a>
                    North Dakota
                  </a>
                </li>
                <li
                  aria-selected={undefined}
                  className={undefined}
                  onClick={[Function]}
                  role="option"
                  tabIndex={0}
                >
                  <a>
                    Ohio
                  </a>
                </li>
                <li
                  aria-selected={undefined}
                  className={undefined}
                  onClick={[Function]}
                  role="option"
                  tabIndex={0}
                >
                  <a>
                    Oklahoma
                  </a>
                </li>
                <li
                  aria-selected={undefined}
                  className={undefined}
                  onClick={[Function]}
                  role="option"
                  tabIndex={0}
                >
                  <a>
                    Oregon
                  </a>
                </li>
                <li
                  aria-selected={undefined}
                  className={undefined}
                  onClick={[Function]}
                  role="option"
                  tabIndex={0}
                >
                  <a>
                    Pennsylvania
                  </a>
                </li>
                <li
                  aria-selected={undefined}
                  className={undefined}
                  onClick={[Function]}
                  role="option"
                  tabIndex={0}
                >
                  <a>
                    Puerto Rico
                  </a>
                </li>
                <li
                  aria-selected={undefined}
                  className={undefined}
                  onClick={[Function]}
                  role="option"
                  tabIndex={0}
                >
                  <a>
                    Palau
                  </a>
                </li>
                <li
                  aria-selected={undefined}
                  className={undefined}
                  onClick={[Function]}
                  role="option"
                  tabIndex={0}
                >
                  <a>
                    Rhode Island
                  </a>
                </li>
                <li
                  aria-selected={undefined}
                  className={undefined}
                  onClick={[Function]}
                  role="option"
                  tabIndex={0}
                >
                  <a>
                    South Carolina
                  </a>
                </li>
                <li
                  aria-selected={undefined}
                  className={undefined}
                  onClick={[Function]}
                  role="option"
                  tabIndex={0}
                >
                  <a>
                    South Dakota
                  </a>
                </li>
                <li
                  aria-selected={undefined}
                  className={undefined}
                  onClick={[Function]}
                  role="option"
                  tabIndex={0}
                >
                  <a>
                    Tennessee
                  </a>
                </li>
                <li
                  aria-selected={undefined}
                  className={undefined}
                  onClick={[Function]}
                  role="option"
                  tabIndex={0}
                >
                  <a>
                    Texas
                  </a>
                </li>
                <li
                  aria-selected={undefined}
                  className={undefined}
                  onClick={[Function]}
                  role="option"
                  tabIndex={0}
                >
                  <a>
                    Utah
                  </a>
                </li>
                <li
                  aria-selected={undefined}
                  className={undefined}
                  onClick={[Function]}
                  role="option"
                  tabIndex={0}
                >
                  <a>
                    Vermont
                  </a>
                </li>
                <li
                  aria-selected={undefined}
                  className={undefined}
                  onClick={[Function]}
                  role="option"
                  tabIndex={0}
                >
                  <a>
                    Virginia
                  </a>
                </li>
                <li
                  aria-selected={undefined}
                  className={undefined}
                  onClick={[Function]}
                  role="option"
                  tabIndex={0}
                >
                  <a>
                    Virgin Islands
                  </a>
                </li>
                <li
                  aria-selected={undefined}
                  className={undefined}
                  onClick={[Function]}
                  role="option"
                  tabIndex={0}
                >
                  <a>
                    Washington
                  </a>
                </li>
                <li
                  aria-selected={undefined}
                  className={undefined}
                  onClick={[Function]}
                  role="option"
                  tabIndex={0}
                >
                  <a>
                    West Virginia
                  </a>
                </li>
                <li
                  aria-selected={undefined}
                  className={undefined}
                  onClick={[Function]}
                  role="option"
                  tabIndex={0}
                >
                  <a>
                    Wisconsin
                  </a>
                </li>
                <li
                  aria-selected={undefined}
                  className={undefined}
                  onClick={[Function]}
                  role="option"
                  tabIndex={0}
                >
                  <a>
                    Wyoming
                  </a>
                </li>
              </ul>
            </div>
          </div>
        </div>
      </div>
      <div
        className="row row-gutter row-align-center row-justify-start form__group form__group--horizontal"
        style={Object {}}
      >
        <div
          className="col col-3 form__label form__label--require"
        >
          <label>
            <span>
              ZIP
            </span>
          </label>
        </div>
        <div
          className="col col-6 form__control"
        >
          <div
            className="input-group input-group--m"
            style={undefined}
          >
            <input
              className="input input-group__field"
              disabled={undefined}
              label="addressForm.addressField.US.postalCode"
              name="postalCode"
              onBlur={[Function]}
              onChange={[Function]}
              onInput={[Function]}
              type="postalCode"
              value="12345"
            />
          </div>
        </div>
      </div>
    </div>
  </div>
  <button
    className="btn btn-secondary"
    type="submit"
  >
    <span>
      Submit
    </span>
  </button>
</form>
`;

exports[`should render right thing and don't change unexpected 1`] = `
<form
  className="form--horizontal"
  onSubmit={[Function]}
>
  <div>
    <div>
      <div
        className="row row-gutter row-align-center row-justify-start form__group form__group--horizontal"
        style={Object {}}
      >
        <div
          className="col col-3 form__label form__label--require"
        >
          <label>
            <span>
              Country
            </span>
          </label>
        </div>
        <div
          className="col col-6 form__control"
        >
          <div
            aria-expanded={false}
            className="dropdown dropdown--flat dropdown--m"
            onKeyDown={[Function]}
            onKeyUp={[Function]}
            role="combobox"
            style={undefined}
          >
            <button
              aria-label="United States"
              className="dropdown__button collapse"
              onClick={[Function]}
              onMouseDown={[Function]}
              type="button"
            >
              <span
                className="dropdown__button-text"
                role="textbox"
              >
                United States
              </span>
              <span
                className="icon-chevron-down"
              />
            </button>
            <div>
              <ul
                className="dropdown__menu"
                onBlur={[Function]}
                onFocus={[Function]}
                onMouseDown={[Function]}
                role="listbox"
                style={
                  Object {
                    "maxHeight": "320px",
                  }
                }
                tabIndex={0}
              >
                <li
                  aria-selected={undefined}
                  className={undefined}
                  onClick={[Function]}
                  role="option"
                  tabIndex={0}
                >
                  <a>
                    United States
                  </a>
                </li>
                <li
                  aria-selected={undefined}
                  className={undefined}
                  onClick={[Function]}
                  role="option"
                  tabIndex={0}
                >
                  <a>
                    Canada
                  </a>
                </li>
                <li
                  aria-selected={undefined}
                  className={undefined}
                  onClick={[Function]}
                  role="option"
                  tabIndex={0}
                >
                  <a>
                    Indonesia
                  </a>
                </li>
                <li
                  aria-selected={undefined}
                  className={undefined}
                  onClick={[Function]}
                  role="option"
                  tabIndex={0}
                >
                  <a>
                    
                  </a>
                </li>
              </ul>
            </div>
          </div>
        </div>
      </div>
      <div
        className="row row-gutter row-align-center row-justify-start form__group form__group--horizontal"
        style={Object {}}
      >
        <div
          className="col col-3 form__label form__label--require"
        >
          <label>
            <span>
              Address
            </span>
          </label>
        </div>
        <div
          className="col col-6 form__control"
        >
          <div
            className="input-group input-group--m"
            style={undefined}
          >
            <input
              className="input input-group__field"
              disabled={undefined}
              label="addressForm.addressField.US.line1"
              name="line1"
              onBlur={[Function]}
              onChange={[Function]}
              onInput={[Function]}
              type="text"
              value="line1"
            />
          </div>
        </div>
      </div>
      <div
        className="row row-gutter row-align-center row-justify-start form__group form__group--horizontal"
        style={Object {}}
      >
        <div
          className="col col-3 form__label"
        >
          <label>
            <span>
              Address line 2
            </span>
          </label>
        </div>
        <div
          className="col col-6 form__control"
        >
          <div
            className="input-group input-group--m"
            style={undefined}
          >
            <input
              className="input input-group__field"
              disabled={undefined}
              label="addressForm.addressField.US.line2"
              name="line2"
              onBlur={[Function]}
              onChange={[Function]}
              onInput={[Function]}
              type="text"
              value="line2"
            />
          </div>
        </div>
      </div>
      <div
        className="row row-gutter row-align-center row-justify-start form__group form__group--horizontal"
        style={Object {}}
      >
        <div
          className="col col-3 form__label form__label--require"
        >
          <label>
            <span>
              City
            </span>
          </label>
        </div>
        <div
          className="col col-6 form__control"
        >
          <div
            className="input-group input-group--m"
            style={undefined}
          >
            <input
              className="input input-group__field"
              disabled={undefined}
              label="addressForm.addressField.US.city"
              name="city"
              onBlur={[Function]}
              onChange={[Function]}
              onInput={[Function]}
              type="text"
              value="city"
            />
          </div>
        </div>
      </div>
      <div
        className="row row-gutter row-align-center row-justify-start form__group form__group--horizontal"
        style={Object {}}
      >
        <div
          className="col col-3 form__label form__label--require"
        >
          <label>
            <span>
              State
            </span>
          </label>
        </div>
        <div
          className="col col-6 form__control"
        >
          <div
            aria-expanded={false}
            className="dropdown dropdown--flat dropdown--m"
            onKeyDown={[Function]}
            onKeyUp={[Function]}
            role="combobox"
            style={undefined}
          >
            <button
              aria-label="AA - Armed Forces Americas"
              className="dropdown__button collapse"
              onClick={[Function]}
              onMouseDown={[Function]}
              type="button"
            >
              <span
                className="dropdown__button-text"
                role="textbox"
              >
                AA - Armed Forces Americas
              </span>
              <span
                className="icon-chevron-down"
              />
            </button>
            <div>
              <ul
                className="dropdown__menu"
                onBlur={[Function]}
                onFocus={[Function]}
                onMouseDown={[Function]}
                role="listbox"
                style={
                  Object {
                    "maxHeight": "320px",
                  }
                }
                tabIndex={0}
              >
                <li
                  aria-selected={undefined}
                  className={undefined}
                  onClick={[Function]}
                  role="option"
                  tabIndex={0}
                >
                  <a>
                    APO - Army/Air Force Post Office
                  </a>
                </li>
                <li
                  aria-selected={undefined}
                  className={undefined}
                  onClick={[Function]}
                  role="option"
                  tabIndex={0}
                >
                  <a>
                    AE - Armed Forces Europe
                  </a>
                </li>
                <li
                  aria-selected={undefined}
                  className={undefined}
                  onClick={[Function]}
                  role="option"
                  tabIndex={0}
                >
                  <a>
                    AP - Armed Forces Pacific
                  </a>
                </li>
                <li
                  aria-selected={undefined}
                  className={undefined}
                  onClick={[Function]}
                  role="option"
                  tabIndex={0}
                >
                  <a>
                    AA - Armed Forces Americas
                  </a>
                </li>
                <li
                  aria-selected={undefined}
                  className={undefined}
                  onClick={[Function]}
                  role="option"
                  tabIndex={0}
                >
                  <a>
                    Alabama
                  </a>
                </li>
                <li
                  aria-selected={undefined}
                  className={undefined}
                  onClick={[Function]}
                  role="option"
                  tabIndex={0}
                >
                  <a>
                    Alaska
                  </a>
                </li>
                <li
                  aria-selected={undefined}
                  className={undefined}
                  onClick={[Function]}
                  role="option"
                  tabIndex={0}
                >
                  <a>
                    American Samoa
                  </a>
                </li>
                <li
                  aria-selected={undefined}
                  className={undefined}
                  onClick={[Function]}
                  role="option"
                  tabIndex={0}
                >
                  <a>
                    Arizona
                  </a>
                </li>
                <li
                  aria-selected={undefined}
                  className={undefined}
                  onClick={[Function]}
                  role="option"
                  tabIndex={0}
                >
                  <a>
                    Arkansas
                  </a>
                </li>
                <li
                  aria-selected={undefined}
                  className={undefined}
                  onClick={[Function]}
                  role="option"
                  tabIndex={0}
                >
                  <a>
                    California
                  </a>
                </li>
                <li
                  aria-selected={undefined}
                  className={undefined}
                  onClick={[Function]}
                  role="option"
                  tabIndex={0}
                >
                  <a>
                    Colorado
                  </a>
                </li>
                <li
                  aria-selected={undefined}
                  className={undefined}
                  onClick={[Function]}
                  role="option"
                  tabIndex={0}
                >
                  <a>
                    Connecticut
                  </a>
                </li>
                <li
                  aria-selected={undefined}
                  className={undefined}
                  onClick={[Function]}
                  role="option"
                  tabIndex={0}
                >
                  <a>
                    Delaware
                  </a>
                </li>
                <li
                  aria-selected={undefined}
                  className={undefined}
                  onClick={[Function]}
                  role="option"
                  tabIndex={0}
                >
                  <a>
                    District of Columbia
                  </a>
                </li>
                <li
                  aria-selected={undefined}
                  className={undefined}
                  onClick={[Function]}
                  role="option"
                  tabIndex={0}
                >
                  <a>
                    FPO - Fleet Post Office or Federal Post Office
                  </a>
                </li>
                <li
                  aria-selected={undefined}
                  className={undefined}
                  onClick={[Function]}
                  role="option"
                  tabIndex={0}
                >
                  <a>
                    Florida
                  </a>
                </li>
                <li
                  aria-selected={undefined}
                  className={undefined}
                  onClick={[Function]}
                  role="option"
                  tabIndex={0}
                >
                  <a>
                    Federated States of Micronesia
                  </a>
                </li>
                <li
                  aria-selected={undefined}
                  className={undefined}
                  onClick={[Function]}
                  role="option"
                  tabIndex={0}
                >
                  <a>
                    Georgia
                  </a>
                </li>
                <li
                  aria-selected={undefined}
                  className={undefined}
                  onClick={[Function]}
                  role="option"
                  tabIndex={0}
                >
                  <a>
                    Guam
                  </a>
                </li>
                <li
                  aria-selected={undefined}
                  className={undefined}
                  onClick={[Function]}
                  role="option"
                  tabIndex={0}
                >
                  <a>
                    Hawaii
                  </a>
                </li>
                <li
                  aria-selected={undefined}
                  className={undefined}
                  onClick={[Function]}
                  role="option"
                  tabIndex={0}
                >
                  <a>
                    Idaho
                  </a>
                </li>
                <li
                  aria-selected={undefined}
                  className={undefined}
                  onClick={[Function]}
                  role="option"
                  tabIndex={0}
                >
                  <a>
                    Illinois
                  </a>
                </li>
                <li
                  aria-selected={undefined}
                  className={undefined}
                  onClick={[Function]}
                  role="option"
                  tabIndex={0}
                >
                  <a>
                    Indiana
                  </a>
                </li>
                <li
                  aria-selected={undefined}
                  className={undefined}
                  onClick={[Function]}
                  role="option"
                  tabIndex={0}
                >
                  <a>
                    Iowa
                  </a>
                </li>
                <li
                  aria-selected={undefined}
                  className={undefined}
                  onClick={[Function]}
                  role="option"
                  tabIndex={0}
                >
                  <a>
                    Kansas
                  </a>
                </li>
                <li
                  aria-selected={undefined}
                  className={undefined}
                  onClick={[Function]}
                  role="option"
                  tabIndex={0}
                >
                  <a>
                    Kentucky
                  </a>
                </li>
                <li
                  aria-selected={undefined}
                  className={undefined}
                  onClick={[Function]}
                  role="option"
                  tabIndex={0}
                >
                  <a>
                    Louisiana
                  </a>
                </li>
                <li
                  aria-selected={undefined}
                  className={undefined}
                  onClick={[Function]}
                  role="option"
                  tabIndex={0}
                >
                  <a>
                    Maine
                  </a>
                </li>
                <li
                  aria-selected={undefined}
                  className={undefined}
                  onClick={[Function]}
                  role="option"
                  tabIndex={0}
                >
                  <a>
                    Maryland
                  </a>
                </li>
                <li
                  aria-selected={undefined}
                  className={undefined}
                  onClick={[Function]}
                  role="option"
                  tabIndex={0}
                >
                  <a>
                    Massachusetts
                  </a>
                </li>
                <li
                  aria-selected={undefined}
                  className={undefined}
                  onClick={[Function]}
                  role="option"
                  tabIndex={0}
                >
                  <a>
                    Marshall Islands
                  </a>
                </li>
                <li
                  aria-selected={undefined}
                  className={undefined}
                  onClick={[Function]}
                  role="option"
                  tabIndex={0}
                >
                  <a>
                    Michigan
                  </a>
                </li>
                <li
                  aria-selected={undefined}
                  className={undefined}
                  onClick={[Function]}
                  role="option"
                  tabIndex={0}
                >
                  <a>
                    Minnesota
                  </a>
                </li>
                <li
                  aria-selected={undefined}
                  className={undefined}
                  onClick={[Function]}
                  role="option"
                  tabIndex={0}
                >
                  <a>
                    Northern Mariana Islands
                  </a>
                </li>
                <li
                  aria-selected={undefined}
                  className={undefined}
                  onClick={[Function]}
                  role="option"
                  tabIndex={0}
                >
                  <a>
                    Mississippi
                  </a>
                </li>
                <li
                  aria-selected={undefined}
                  className={undefined}
                  onClick={[Function]}
                  role="option"
                  tabIndex={0}
                >
                  <a>
                    Missouri
                  </a>
                </li>
                <li
                  aria-selected={undefined}
                  className={undefined}
                  onClick={[Function]}
                  role="option"
                  tabIndex={0}
                >
                  <a>
                    Montana
                  </a>
                </li>
                <li
                  aria-selected={undefined}
                  className={undefined}
                  onClick={[Function]}
                  role="option"
                  tabIndex={0}
                >
                  <a>
                    Nebraska
                  </a>
                </li>
                <li
                  aria-selected={undefined}
                  className={undefined}
                  onClick={[Function]}
                  role="option"
                  tabIndex={0}
                >
                  <a>
                    Nevada
                  </a>
                </li>
                <li
                  aria-selected={undefined}
                  className={undefined}
                  onClick={[Function]}
                  role="option"
                  tabIndex={0}
                >
                  <a>
                    New Hampshire
                  </a>
                </li>
                <li
                  aria-selected={undefined}
                  className={undefined}
                  onClick={[Function]}
                  role="option"
                  tabIndex={0}
                >
                  <a>
                    New Jersey
                  </a>
                </li>
                <li
                  aria-selected={undefined}
                  className={undefined}
                  onClick={[Function]}
                  role="option"
                  tabIndex={0}
                >
                  <a>
                    New Mexico
                  </a>
                </li>
                <li
                  aria-selected={undefined}
                  className={undefined}
                  onClick={[Function]}
                  role="option"
                  tabIndex={0}
                >
                  <a>
                    New York
                  </a>
                </li>
                <li
                  aria-selected={undefined}
                  className={undefined}
                  onClick={[Function]}
                  role="option"
                  tabIndex={0}
                >
                  <a>
                    North Carolina
                  </a>
                </li>
                <li
                  aria-selected={undefined}
                  className={undefined}
                  onClick={[Function]}
                  role="option"
                  tabIndex={0}
                >
                  <a>
                    North Dakota
                  </a>
                </li>
                <li
                  aria-selected={undefined}
                  className={undefined}
                  onClick={[Function]}
                  role="option"
                  tabIndex={0}
                >
                  <a>
                    Ohio
                  </a>
                </li>
                <li
                  aria-selected={undefined}
                  className={undefined}
                  onClick={[Function]}
                  role="option"
                  tabIndex={0}
                >
                  <a>
                    Oklahoma
                  </a>
                </li>
                <li
                  aria-selected={undefined}
                  className={undefined}
                  onClick={[Function]}
                  role="option"
                  tabIndex={0}
                >
                  <a>
                    Oregon
                  </a>
                </li>
                <li
                  aria-selected={undefined}
                  className={undefined}
                  onClick={[Function]}
                  role="option"
                  tabIndex={0}
                >
                  <a>
                    Pennsylvania
                  </a>
                </li>
                <li
                  aria-selected={undefined}
                  className={undefined}
                  onClick={[Function]}
                  role="option"
                  tabIndex={0}
                >
                  <a>
                    Puerto Rico
                  </a>
                </li>
                <li
                  aria-selected={undefined}
                  className={undefined}
                  onClick={[Function]}
                  role="option"
                  tabIndex={0}
                >
                  <a>
                    Palau
                  </a>
                </li>
                <li
                  aria-selected={undefined}
                  className={undefined}
                  onClick={[Function]}
                  role="option"
                  tabIndex={0}
                >
                  <a>
                    Rhode Island
                  </a>
                </li>
                <li
                  aria-selected={undefined}
                  className={undefined}
                  onClick={[Function]}
                  role="option"
                  tabIndex={0}
                >
                  <a>
                    South Carolina
                  </a>
                </li>
                <li
                  aria-selected={undefined}
                  className={undefined}
                  onClick={[Function]}
                  role="option"
                  tabIndex={0}
                >
                  <a>
                    South Dakota
                  </a>
                </li>
                <li
                  aria-selected={undefined}
                  className={undefined}
                  onClick={[Function]}
                  role="option"
                  tabIndex={0}
                >
                  <a>
                    Tennessee
                  </a>
                </li>
                <li
                  aria-selected={undefined}
                  className={undefined}
                  onClick={[Function]}
                  role="option"
                  tabIndex={0}
                >
                  <a>
                    Texas
                  </a>
                </li>
                <li
                  aria-selected={undefined}
                  className={undefined}
                  onClick={[Function]}
                  role="option"
                  tabIndex={0}
                >
                  <a>
                    Utah
                  </a>
                </li>
                <li
                  aria-selected={undefined}
                  className={undefined}
                  onClick={[Function]}
                  role="option"
                  tabIndex={0}
                >
                  <a>
                    Vermont
                  </a>
                </li>
                <li
                  aria-selected={undefined}
                  className={undefined}
                  onClick={[Function]}
                  role="option"
                  tabIndex={0}
                >
                  <a>
                    Virginia
                  </a>
                </li>
                <li
                  aria-selected={undefined}
                  className={undefined}
                  onClick={[Function]}
                  role="option"
                  tabIndex={0}
                >
                  <a>
                    Virgin Islands
                  </a>
                </li>
                <li
                  aria-selected={undefined}
                  className={undefined}
                  onClick={[Function]}
                  role="option"
                  tabIndex={0}
                >
                  <a>
                    Washington
                  </a>
                </li>
                <li
                  aria-selected={undefined}
                  className={undefined}
                  onClick={[Function]}
                  role="option"
                  tabIndex={0}
                >
                  <a>
                    West Virginia
                  </a>
                </li>
                <li
                  aria-selected={undefined}
                  className={undefined}
                  onClick={[Function]}
                  role="option"
                  tabIndex={0}
                >
                  <a>
                    Wisconsin
                  </a>
                </li>
                <li
                  aria-selected={undefined}
                  className={undefined}
                  onClick={[Function]}
                  role="option"
                  tabIndex={0}
                >
                  <a>
                    Wyoming
                  </a>
                </li>
              </ul>
            </div>
          </div>
        </div>
      </div>
      <div
        className="row row-gutter row-align-center row-justify-start form__group form__group--horizontal"
        style={Object {}}
      >
        <div
          className="col col-3 form__label form__label--require"
        >
          <label>
            <span>
              ZIP
            </span>
          </label>
        </div>
        <div
          className="col col-6 form__control"
        >
          <div
            className="input-group input-group--m"
            style={undefined}
          >
            <input
              className="input input-group__field"
              disabled={undefined}
              label="addressForm.addressField.US.postalCode"
              name="postalCode"
              onBlur={[Function]}
              onChange={[Function]}
              onInput={[Function]}
              type="postalCode"
              value="12345"
            />
          </div>
        </div>
      </div>
    </div>
  </div>
  <button
    className="btn btn-secondary"
    type="submit"
  >
    <span>
      Submit
    </span>
  </button>
</form>
`;
