// Jest Snapshot v1, https://goo.gl/fbAQLP

exports[`Form should render right thing and don't change unexpected 1`] = `
<form
  className="form--horizontal"
  onSubmit={[Function]}
>
  <div
    className="row row-gutter row-align-center row-justify-start form__group form__group--horizontal"
    style={Object {}}
  >
    <div
      className="col col-3 form__label form__label--require"
    >
      <label>
        <span>
          field
        </span>
      </label>
    </div>
    <div
      className="col col-6 form__control"
    >
      <div
        className="input-group input-group--m"
        style={undefined}
      >
        <input
          className="input input-group__field"
          disabled={undefined}
          label="field"
          name="field"
          onBlur={[Function]}
          onChange={[Function]}
          onInput={[Function]}
          type="text"
          value=""
        />
      </div>
    </div>
  </div>
  <button
    className="btn btn-secondary"
    type="submit"
  >
    <span>
      Submit
    </span>
  </button>
</form>
`;

exports[`Form should render right thing and don't change unexpected when nesting Form 1`] = `
<form
  className="form--horizontal"
  onSubmit={[Function]}
>
  <div
    className="row row-gutter row-align-center row-justify-start form__group form__group--horizontal"
    style={Object {}}
  >
    <div
      className="col col-3 form__label form__label--require"
    >
      <label>
        <span>
          field
        </span>
      </label>
    </div>
    <div
      className="col col-6 form__control"
    >
      <div
        className="input-group input-group--m"
        style={undefined}
      >
        <input
          className="input input-group__field"
          disabled={undefined}
          label="field"
          name="field"
          onBlur={[Function]}
          onChange={[Function]}
          onInput={[Function]}
          type="text"
          value=""
        />
      </div>
    </div>
  </div>
  <button
    className="btn btn-secondary"
    type="submit"
  >
    <span>
      Submit
    </span>
  </button>
</form>
`;
