// Jest Snapshot v1, https://goo.gl/fbAQLP

exports[`should render right thing and don't change unexpected 1`] = `
<div
  className="row row-gutter row-align-center row-justify-start form__group form__group--error form__group--horizontal"
  style={Object {}}
>
  <div
    className="col col-3 form__label"
  >
    <label>
      <span>
        label
      </span>
    </label>
  </div>
  <div
    className="col col-6 form__control"
  />
  <div
    className="col col-3 form__validate"
  >
    <i
      className="icon-times-circle"
    />
    <span>
      error
    </span>
  </div>
</div>
`;
