// Jest Snapshot v1, https://goo.gl/fbAQLP

exports[`shared/components/PermitFee/FacilityItemDetail component should work well when tooltip icon display 1`] = `
<FacilityItemDetail
  detailFee={
    Object {
      "abbrevUnitOfMeasure": "/ hr",
      "amount": 16.66,
      "applicableToAllBookings": true,
      "chargeName": "FaciltiyPer hour",
      "extraDateTimes": Array [
        Object {
          "endDate": null,
          "endDayofweek": "Mon",
          "endTime": null,
          "startDate": null,
          "startDayofweek": "Mon",
          "startTime": undefined,
        },
        Object {
          "endDate": "2018 Mar 27",
          "endDayofweek": "Tue",
          "endTime": "1:00",
          "startDate": "2018 Mar 26",
          "startDayofweek": "Mon",
          "startTime": "1:00",
        },
      ],
      "facilityChargeId": 5,
      "facilityScheduleId": 23524,
      "isExtraBookingFee": true,
      "isPercentageDiscount": true,
      "permitId": 0,
      "quantity": 1,
      "receiptDetailId": 0,
      "unitFee": 20,
    }
  }
  facilityChargeID={5}
  facilityID={11}
  facilityScheduleID={23523}
  feeActionStatus={
    Object {
      "allowDeleteFee": true,
      "allowEditFee": true,
    }
  }
  newEntryID={0}
  onAddNewCharge={[Function]}
  permitID={0}
  receiptDetailID={0}
  showWaringAlert={[Function]}
  transactionID={123}
>
  <div
    className="facility-item item-detail-list high-light"
  >
    <div
      className="afx-col item-fee-name"
    >
      <div
        className="facility-fee"
      >
        FaciltiyPer hour
        <i
          className="icon icon-info-circle"
          id="tooltip_4"
        />
      </div>
    </div>
    <div
      className="afx-col item-fee-detail"
    >
      20.00%
    </div>
    <div
      className="afx-col item-amount fee-amount"
    >
      $16.66
    </div>
    <div
      className="afx-col item-option"
    >
      <div
        className="facility-option"
      >
        <i
          className="icon icon-sign-m"
          onClick={[Function]}
          title="Edit charge"
        />
        <i
          className="icon icon-trash"
          onClick={[Function]}
          title="Delete charge"
        />
      </div>
    </div>
  </div>
</FacilityItemDetail>
`;
