// Jest Snapshot v1, https://goo.gl/fbAQLP

exports[`index/Payment/components/PaymentOptions/GiftCard GiftCard component should render without error 1`] = `
<GiftCard
  addError={[Function]}
  cancelSelectGiftCard={[Function]}
  changeGiftCardAmount={[Function]}
  changeGiftCardOpiton={[Function]}
  changeRemaining={[Function]}
  clearOptionAndPaymentErrs={[Function]}
  data={
    Object {
      "giftCardDropDown": Object {
        "data": Array [
          Object {
            "name": "gift-card 443",
            "text": "gift-card 443",
            "value": "443",
          },
          Object {
            "name": "gift-card 444",
            "text": "gift-card 444",
            "value": "444",
          },
          Object {
            "name": "gift-card 445",
            "text": "gift-card 445",
            "value": "445",
          },
        ],
      },
      "giftCardDropDownValue": "445",
      "giftCardId": "721",
      "giftCardLabel": "Gift Card",
      "isUseNewGiftCard": false,
      "newGiftCardDropDown": Object {
        "data": Array [],
      },
    }
  }
  index={0}
  isRefund={false}
  item={
    Object {
      "amount": "500",
      "list": Array [
        Object {
          "name": "GiftCard",
          "value": "173",
        },
        Object {
          "name": "Credit",
          "value": "172",
        },
      ],
    }
  }
  onChange={[Function]}
  optionLen={3}
  options={
    Object {
      "data": Array [
        Object {
          "activeVal": "445",
          "giftCardId": "445",
          "name": "GiftCard #1",
        },
        Object {
          "activeVal": "444",
          "giftCardId": "444",
          "name": "GiftCard #2",
        },
        Object {
          "name": "Check",
        },
      ],
    }
  }
  setAvaliableAmount={[Function]}
  setGiftCardLable={[Function]}
  setGiftCardMaxOverride={[Function]}
  value="173"
>
  <div
    className="payment-option payment-gift-card"
  >
    <div
      className="payment-option-list aaui-flexbox u-justify-content-between "
    >
      <div
        className="aaui-flexbox aaui-flexbox-c1"
      >
        <Dropdown
          autoOpen={false}
          data={
            Array [
              Object {
                "name": "GiftCard",
                "value": "173",
              },
              Object {
                "name": "Credit",
                "value": "172",
              },
            ]
          }
          data-qa-id="payment-paymentOption-optionList"
          disabled={true}
          filterPlaceholder="Filter..."
          fuzzyQuery={false}
          noResult="No results found."
          onChange={[Function]}
          placeholder="Select one..."
          showAll={true}
          showDeselectall={false}
          showTxtOnlyCheckedOneItem={true}
          theme="flat"
          txtSuffix="selected"
          value="173"
          visible={true}
        >
          <div
            className="aaui-dropdown"
            data-qa-id="payment-paymentOption-optionList"
          >
            <button
              className="aaui-dropdown__button aaui-dropdown-btn-flat is-disabled"
              onClick={[Function]}
              onFocus={[Function]}
              onMouseDown={[Function]}
              onMouseUp={[Function]}
              role="button"
              type="button"
            >
              <div
                className="aaui-dropdown__button-text"
                title=""
              >
                 Select one...
              </div>
              <i
                className="icon aaui-dropdown__button-icon icon-chevron-down"
              />
            </button>
            <div
              aria-expanded={false}
              className="aaui-dropdown__menu-wrapper  u-hidden"
              onBlur={[Function]}
              onFocus={[Function]}
              onMouseDown={[Function]}
              role="combobox"
              tabIndex={0}
            >
              <div
                className="aaui-dropdown__menu"
              >
                <ul
                  aria-expanded={false}
                  className=""
                  role="listbox"
                >
                  <li
                    className=" is-selected"
                    key="173"
                    onClick={[Function]}
                    role="option"
                  >
                    <span />
                  </li>
                  <li
                    className=""
                    key="172"
                    onClick={[Function]}
                    role="option"
                  >
                    <span />
                  </li>
                </ul>
                <div>
                  <div
                    className="aaui-dropdown__menu-footer"
                  >
                    <div
                      className="u-hidden"
                    >
                      <i
                        className="icon icon-spinner"
                      />
                       Loading...
                    </div>
                    <div />
                  </div>
                </div>
              </div>
            </div>
          </div>
        </Dropdown>
        <Dropdown
          autoOpen={false}
          className="gift-card-dropdown"
          data={Array []}
          data-qa-id="payment-paymentOption-giftCardList"
          disabled={true}
          errored={false}
          filterPlaceholder="Filter..."
          fuzzyQuery={false}
          noResult="No results found."
          onChange={[Function]}
          placeholder="445"
          showAll={true}
          showDeselectall={false}
          showTextTip={true}
          showTxtOnlyCheckedOneItem={true}
          theme="flat"
          txtSuffix="selected"
          visible={true}
        >
          <div
            className="aaui-dropdown gift-card-dropdown"
            data-qa-id="payment-paymentOption-giftCardList"
          >
            <button
              className="aaui-dropdown__button aaui-dropdown-btn-flat is-disabled"
              onClick={[Function]}
              onFocus={[Function]}
              onMouseDown={[Function]}
              onMouseUp={[Function]}
              role="button"
              type="button"
            >
              <div
                className="aaui-dropdown__button-text"
                title=" 445"
              >
                 445
              </div>
              <i
                className="icon aaui-dropdown__button-icon icon-chevron-down"
              />
            </button>
            <div
              aria-expanded={false}
              className="aaui-dropdown__menu-wrapper  u-hidden"
              onBlur={[Function]}
              onFocus={[Function]}
              onMouseDown={[Function]}
              role="combobox"
              tabIndex={0}
            >
              <div
                className="aaui-dropdown__menu"
              >
                <ul
                  aria-expanded={false}
                  className="u-hidden"
                  role="listbox"
                />
                <div>
                  <div
                    className="aaui-dropdown__menu-footer"
                  >
                    <div
                      className="u-hidden"
                    >
                      <i
                        className="icon icon-spinner"
                      />
                       Loading...
                    </div>
                    <div />
                    <div
                      className="dropdown-noResult"
                    >
                      No results found.
                    </div>
                  </div>
                </div>
              </div>
            </div>
          </div>
        </Dropdown>
      </div>
      <div
        className="aaui-flexbox"
      >
        <label
          className="payment-symbol"
          htmlFor="paymentAmount"
        >
          $
        </label>
        <InputNumeric
          allowBlank={true}
          allowKeySpin={true}
          allowMouseSpin={false}
          className=""
          currency="USD"
          data-qa-id="payment-paymentOption-optionAmount"
          decimals={2}
          disabled={false}
          icon=""
          iconHint=""
          id="paymentAmount"
          increment={1}
          items={Array []}
          listClass="input-numeric-list"
          listClassName=""
          listConfig={Object {}}
          listMaxHeight="300px"
          listPopupOptions={Object {}}
          listWidth="auto"
          max={9999999999.99}
          min={0}
          name=""
          onBlur={[Function]}
          onFocus={[Function]}
          onListClose={[Function]}
          onListOpen={[Function]}
          onTextChange={[Function]}
          onValueChange={[Function]}
          placeHolder=""
          prefix="an"
          showClear={false}
          showGroup={false}
          showSpinner={false}
          showTrigger={false}
          showTrigger2={false}
          size="md"
          textAlign="right"
          triggerIcon="icon-chevron-down"
          triggerIcon2="icon-chevron-down"
          triggerIconHint=""
          triggerIconHint2=""
          triggerIconToggle="icon-chevron-up"
          triggerIconToggle2="icon-chevron-up"
          value="500"
        >
          <div
            className="an-input-numeric input-group buttons-0 input-group--md"
          >
            <input
              className="input input-group__field textalign-right input__field"
              data-qa-id="payment-paymentOption-optionAmount"
              disabled={false}
              id="paymentAmount"
              name=""
              onBlur={[Function]}
              onChange={[Function]}
              onDragEnter={[Function]}
              onDragOver={[Function]}
              onDrop={[Function]}
              onFocus={[Function]}
              onKeyDown={[Function]}
              onKeyPress={[Function]}
              onKeyUp={[Function]}
              onMouseUp={[Function]}
              onPaste={[Function]}
              placeholder=""
              type="text"
            />
          </div>
        </InputNumeric>
        <span>
          GiftCard info
        </span>
      </div>
    </div>
  </div>
</GiftCard>
`;
