// Jest Snapshot v1, https://goo.gl/fbAQLP

exports[`should render right thing and don't change unexpected 1`] = `
<label
  className="checkbox-wrapper"
  style={undefined}
>
  <span
    className="checkbox"
  >
    <input
      aria-hidden={true}
      checked={false}
      className="checkbox__input"
      defaultChecked={false}
      disabled={undefined}
      onChange={[Function]}
      type="checkbox"
    />
    <span
      aria-checked={false}
      aria-disabled={undefined}
      className="checkbox__inner"
      role="checkbox"
    />
  </span>
</label>
`;
