// Jest Snapshot v1, https://goo.gl/fbAQLP

exports[`components/Calendar/YearView YearView renders fine 1`] = `
<table
  className="snapshot-year-view-calendar-table"
>
  <tbody>
    <tr
      className="snapshot-year-view-calendar-table-row"
    >
      <td>
        <div
          className="snapshot-year-view-calendar-table-cell snapshot-year-view-calendar-year snapshot-year-view-calendar-year-first"
          onClick={[Function]}
          onKeyDown={[Function]}
          tabIndex={0}
        >
          2009
        </div>
      </td>
      <td>
        <div
          className="snapshot-year-view-calendar-table-cell snapshot-year-view-calendar-year"
          onClick={[Function]}
          onKeyDown={[Function]}
          tabIndex={0}
        >
          2010
        </div>
      </td>
      <td>
        <div
          className="snapshot-year-view-calendar-table-cell snapshot-year-view-calendar-year"
          onClick={[Function]}
          onKeyDown={[Function]}
          tabIndex={0}
        >
          2011
        </div>
      </td>
      <td>
        <div
          className="snapshot-year-view-calendar-table-cell snapshot-year-view-calendar-year"
          onClick={[Function]}
          onKeyDown={[Function]}
          tabIndex={0}
        >
          2012
        </div>
      </td>
    </tr>
    <tr
      className="snapshot-year-view-calendar-table-row"
    >
      <td>
        <div
          className="snapshot-year-view-calendar-table-cell snapshot-year-view-calendar-year"
          onClick={[Function]}
          onKeyDown={[Function]}
          tabIndex={0}
        >
          2013
        </div>
      </td>
      <td>
        <div
          className="snapshot-year-view-calendar-table-cell snapshot-year-view-calendar-year"
          onClick={[Function]}
          onKeyDown={[Function]}
          tabIndex={0}
        >
          2014
        </div>
      </td>
      <td>
        <div
          className="snapshot-year-view-calendar-table-cell snapshot-year-view-calendar-year"
          onClick={[Function]}
          onKeyDown={[Function]}
          tabIndex={0}
        >
          2015
        </div>
      </td>
      <td>
        <div
          className="snapshot-year-view-calendar-table-cell snapshot-year-view-calendar-year"
          onClick={[Function]}
          onKeyDown={[Function]}
          tabIndex={0}
        >
          2016
        </div>
      </td>
    </tr>
    <tr
      className="snapshot-year-view-calendar-table-row"
    >
      <td>
        <div
          className="snapshot-year-view-calendar-table-cell snapshot-year-view-calendar-year"
          onClick={[Function]}
          onKeyDown={[Function]}
          tabIndex={0}
        >
          2017
        </div>
      </td>
      <td>
        <div
          className="snapshot-year-view-calendar-table-cell snapshot-year-view-calendar-year snapshot-year-view-calendar-year-current snapshot-year-view-calendar-year-selected"
          onClick={[Function]}
          onKeyDown={[Function]}
          tabIndex={0}
        >
          2018
        </div>
      </td>
      <td>
        <div
          className="snapshot-year-view-calendar-table-cell snapshot-year-view-calendar-year"
          onClick={[Function]}
          onKeyDown={[Function]}
          tabIndex={0}
        >
          2019
        </div>
      </td>
      <td>
        <div
          className="snapshot-year-view-calendar-table-cell snapshot-year-view-calendar-year snapshot-year-view-calendar-year-last"
          onClick={[Function]}
          onKeyDown={[Function]}
          tabIndex={0}
        >
          2020
        </div>
      </td>
    </tr>
  </tbody>
</table>
`;
