// Jest Snapshot v1, https://goo.gl/fbAQLP

exports[`components/Tabbable component should render well 1`] = `
<Tabbable
  prefixCls="an-tabbable"
>
  <span
    className="an-tabbable"
    onClick={[Function]}
  >
    <a
      className="an-tabbable__fake-link"
      href="javascript:void(0)"
      role="button"
    >
      <span
        style={
          Object {
            "display": "none",
          }
        }
      >
        wcag_hidden_text
      </span>
    </a>
  </span>
</Tabbable>
`;
