// Jest Snapshot v1, https://goo.gl/fbAQLP

exports[`InputDateTime Component InputDateTime should render correctly 1`] = `
<div
  className="an-input-datetime "
  data-qa-id="testid"
>
  <InputDate
    allowBlank={false}
    allowKeySpin={true}
    allowMouseSpin={false}
    ariaLabel="Input box"
    className="an-input-datetime__date"
    currency="USD"
    data-qa-id="testid"
    disabled={false}
    flexibleCalendar={false}
    format="dddd- MMM DD, YYYY"
    icon=""
    iconHint=""
    id=""
    items={Array []}
    listClassName=""
    listConfig={Object {}}
    listMaxHeight="300px"
    listPopupOptions={Object {}}
    listWidth="auto"
    name=""
    onBlur={[Function]}
    onCalendarClose={[Function]}
    onCalendarOpen={[Function]}
    onFocus={[Function]}
    onListClose={[Function]}
    onListOpen={[Function]}
    onTextChange={[Function]}
    onValueChange={[Function]}
    placeHolder=""
    prefix="an"
    showClear={true}
    showSpinner={false}
    showTrigger={true}
    showTrigger2={false}
    size="md"
    textAlign="left"
    timeStep={30}
    triggerIcon="icon-calendar-m"
    triggerIcon2="icon-clock-m"
    triggerIconHint=""
    triggerIconHint2=""
    triggerIconToggle=""
    triggerIconToggle2=""
    value={null}
  />
  <InputTime
    allowBlank={false}
    allowKeySpin={true}
    allowMouseSpin={false}
    ariaLabel="Input box"
    className="an-input-datetime__time"
    currency="USD"
    data-qa-id=""
    disabled={false}
    flexibleCalendar={false}
    format="HH:mm "
    icon=""
    iconHint=""
    id=""
    items={Array []}
    listClassName=""
    listConfig={Object {}}
    listMaxHeight="300px"
    listPopupOptions={Object {}}
    listWidth="auto"
    name=""
    onBlur={[Function]}
    onCalendarClose={[Function]}
    onCalendarOpen={[Function]}
    onFocus={[Function]}
    onListClose={[Function]}
    onListOpen={[Function]}
    onTextChange={[Function]}
    onValueChange={[Function]}
    placeHolder=""
    prefix="an"
    showClear={false}
    showSpinner={false}
    showTrigger={false}
    showTrigger2={true}
    size="md"
    textAlign="left"
    timeStep={34}
    triggerIcon="icon-calendar-m"
    triggerIcon2="icon-clock-m"
    triggerIconHint=""
    triggerIconHint2=""
    triggerIconToggle=""
    triggerIconToggle2=""
    value={null}
  />
</div>
`;
